Sep 11 21:15:56 raspberrypi systemd[1]: rsyslog.service: Sent signal SIGHUP to main process 395 (rsyslogd) on client request.
Sep 11 21:15:56 raspberrypi systemd[1]: logrotate.service: Succeeded.
Sep 11 21:15:56 raspberrypi systemd[1]: Finished Rotate log files.
Sep 11 21:15:57 raspberrypi systemd[1]: man-db.service: Succeeded.
Sep 11 21:15:57 raspberrypi systemd[1]: Finished Daily man-db regeneration.
Sep 11 21:16:00 raspberrypi systemd[1]: systemd-hostnamed.service: Succeeded.
Sep 11 21:16:23 raspberrypi systemd[1]: Starting Online ext4 Metadata Check for All Filesystems...
Sep 11 21:16:23 raspberrypi systemd[1]: e2scrub_all.service: Succeeded.
Sep 11 21:16:23 raspberrypi systemd[1]: Finished Online ext4 Metadata Check for All Filesystems.
Sep 11 21:17:01 raspberrypi CRON[2588]: (root) CMD (   cd / && run-parts --report /etc/cron.hourly)
Sep 11 21:20:21 raspberrypi systemd[1]: Started Session 5 of user user.
Sep 11 21:25:02 raspberrypi CRON[5711]: (root) CMD (command -v debian-sa1 > /dev/null && debian-sa1 1 1)
Sep 11 21:25:56 raspberrypi rsyslogd: [origin software="rsyslogd" swVersion="8.2102.0" x-pid="395" x-info="https://www.rsyslog.com"] rsyslogd was HUPed
Sep 11 21:27:00 raspberrypi systemd[1]: Stopping MongoDB Database Server...
Sep 11 21:27:00 raspberrypi systemd[1]: mongod.service: Succeeded.
Sep 11 21:27:00 raspberrypi systemd[1]: Stopped MongoDB Database Server.
Sep 11 21:27:00 raspberrypi systemd[1]: mongod.service: Consumed 16.748s CPU time.
Sep 11 21:27:01 raspberrypi systemd[1]: Reloading.
Sep 11 21:27:01 raspberrypi systemd[1]: /lib/systemd/system/plymouth-start.service:16: Unit configured to use KillMode=none. This is unsafe, as it disables systemd's process lifecycle management for the service. Please update your service to use a safer KillMode=, such as 'mixed' or 'control-group'. Support for KillMode=none is deprecated and will eventually be removed.
Sep 11 21:27:30 raspberrypi systemd[1]: Stopping Session 1 of user user.
Sep 11 21:27:30 raspberrypi systemd[1]: Stopping Session 3 of user user.
Sep 11 21:27:30 raspberrypi watchdog[903]: stopping daemon (5.16)
Sep 11 21:27:30 raspberrypi systemd[1]: Stopping Session 5 of user user.
Sep 11 21:27:30 raspberrypi systemd[1]: Removed slice system-modprobe.slice.
Sep 11 21:27:30 raspberrypi bluetoothd[1099]: Terminating
Sep 11 21:27:42 raspberrypi systemd-modules-load[138]: Failed to find module 'lp'
Sep 11 21:27:42 raspberrypi systemd-modules-load[138]: Failed to find module 'ppdev'
Sep 11 21:27:42 raspberrypi systemd-modules-load[138]: Failed to find module 'parport_pc'
Sep 11 21:27:42 raspberrypi systemd-modules-load[138]: Inserted module 'i2c_dev'
Sep 11 21:27:42 raspberrypi systemd-sysctl[156]: Couldn't write '1' to 'kernel/unprivileged_userns_clone', ignoring: No such file or directory
Sep 11 21:27:42 raspberrypi fake-hwclock[143]: Mon 11 Sep 19:27:36 UTC 2023
Sep 11 21:27:42 raspberrypi systemd-fsck[157]: e2fsck 1.46.2 (28-Feb-2021)
Sep 11 21:27:42 raspberrypi systemd-fsck[157]: rootfs: clean, 162409/950976 files, 2107634/3822976 blocks
Sep 11 21:27:42 raspberrypi systemd[1]: Finished Remount Root and Kernel File Systems.
Sep 11 21:27:42 raspberrypi systemd[1]: Condition check resulted in Rebuild Hardware Database being skipped.
Sep 11 21:27:42 raspberrypi systemd[1]: Starting Flush Journal to Persistent Storage...
Sep 11 21:27:42 raspberrypi systemd[1]: Condition check resulted in Platform Persistent Storage Archival being skipped.
Sep 11 21:27:42 raspberrypi systemd[1]: Starting Load/Save Random Seed...
Sep 11 21:27:42 raspberrypi kernel: [    0.000000] Booting Linux on physical CPU 0x0000000000 [0x410fd034]
Sep 11 21:27:42 raspberrypi kernel: [    0.000000] Linux version 5.15.74-v8+ (dom@buildbot) (aarch64-linux-gnu-gcc-8 (Ubuntu/Linaro 8.4.0-3ubuntu1) 8.4.0, GNU ld (GNU Binutils for Ubuntu) 2.34) #1595 SMP PREEMPT Wed Oct 26 11:07:24 BST 2022
Sep 11 21:27:42 raspberrypi kernel: [    0.000000] random: crng init done
Sep 11 21:27:42 raspberrypi kernel: [    0.000000] Machine model: Raspberry Pi 3 Model B Plus Rev 1.3
Sep 11 21:27:42 raspberrypi kernel: [    0.000000] efi: UEFI not found.
Sep 11 21:27:42 raspberrypi kernel: [    0.000000] Reserved memory: created CMA memory pool at 0x000000001ec00000, size 256 MiB
Sep 11 21:27:42 raspberrypi kernel: [    0.000000] OF: reserved mem: initialized node linux,cma, compatible id shared-dma-pool
Sep 11 21:27:42 raspberrypi kernel: [    0.000000] Zone ranges:
Sep 11 21:27:42 raspberrypi kernel: [    0.000000]   DMA      [mem 0x0000000000000000-0x000000003b3fffff]
Sep 11 21:27:42 raspberrypi kernel: [    0.000000]   DMA32    empty
Sep 11 21:27:42 raspberrypi kernel: [    0.000000]   Normal   empty
Sep 11 21:27:42 raspberrypi kernel: [    0.000000] Movable zone start for each node
Sep 11 21:27:42 raspberrypi kernel: [    0.000000] Early memory node ranges
Sep 11 21:27:42 raspberrypi kernel: [    0.000000]   node   0: [mem 0x0000000000000000-0x000000003b3fffff]
Sep 11 21:27:42 raspberrypi kernel: [    0.000000] Initmem setup node 0 [mem 0x0000000000000000-0x000000003b3fffff]
Sep 11 21:27:42 raspberrypi kernel: [    0.000000] On node 0, zone DMA: 19456 pages in unavailable ranges
Sep 11 21:27:42 raspberrypi kernel: [    0.000000] percpu: Embedded 28 pages/cpu s77336 r8192 d29160 u114688
Sep 11 21:27:42 raspberrypi kernel: [    0.000000] pcpu-alloc: s77336 r8192 d29160 u114688 alloc=28*4096
Sep 11 21:27:42 raspberrypi kernel: [    0.000000] pcpu-alloc: [0] 0 [0] 1 [0] 2 [0] 3 
Sep 11 21:27:42 raspberrypi kernel: [    0.000000] Detected VIPT I-cache on CPU0
Sep 11 21:27:42 raspberrypi kernel: [    0.000000] CPU features: kernel page table isolation forced ON by KASLR
Sep 11 21:27:42 raspberrypi kernel: [    0.000000] CPU features: detected: Kernel page table isolation (KPTI)
Sep 11 21:27:42 raspberrypi kernel: [    0.000000] CPU features: detected: ARM erratum 843419
Sep 11 21:27:42 raspberrypi kernel: [    0.000000] CPU features: detected: ARM erratum 845719
Sep 11 21:27:42 raspberrypi kernel: [    0.000000] Built 1 zonelists, mobility grouping on.  Total pages: 238896
Sep 11 21:27:42 raspberrypi kernel: [    0.000000] Kernel command line: coherent_pool=1M 8250.nr_uarts=0 snd_bcm2835.enable_compat_alsa=0 snd_bcm2835.enable_hdmi=1 video=Composite-1:720x480@60i vc_mem.mem_base=0x3ec00000 vc_mem.mem_size=0x40000000  console=ttyS0,115200 console=tty1 root=PARTUUID=bca3ba81-02 rootfstype=ext4 fsck.repair=yes rootwait quiet splash plymouth.ignore-serial-consoles
Sep 11 21:27:42 raspberrypi kernel: [    0.000000] Unknown kernel command line parameters "splash", will be passed to user space.
Sep 11 21:27:42 raspberrypi kernel: [    0.000000] Dentry cache hash table entries: 131072 (order: 8, 1048576 bytes, linear)
Sep 11 21:27:42 raspberrypi kernel: [    0.000000] Inode-cache hash table entries: 65536 (order: 7, 524288 bytes, linear)
Sep 11 21:27:42 raspberrypi kernel: [    0.000000] mem auto-init: stack:off, heap alloc:off, heap free:off
Sep 11 21:27:42 raspberrypi kernel: [    0.000000] Memory: 665472K/970752K available (11520K kernel code, 1956K rwdata, 4148K rodata, 3840K init, 975K bss, 43136K reserved, 262144K cma-reserved)
Sep 11 21:27:42 raspberrypi kernel: [    0.000000] SLUB: HWalign=64, Order=0-3, MinObjects=0, CPUs=4, Nodes=1
Sep 11 21:27:42 raspberrypi kernel: [    0.000000] ftrace: allocating 38048 entries in 149 pages
Sep 11 21:27:42 raspberrypi kernel: [    0.000000] ftrace: allocated 149 pages with 4 groups
Sep 11 21:27:42 raspberrypi kernel: [    0.000000] trace event string verifier disabled
Sep 11 21:27:42 raspberrypi kernel: [    0.000000] rcu: Preemptible hierarchical RCU implementation.
Sep 11 21:27:42 raspberrypi kernel: [    0.000000] rcu: 	RCU event tracing is enabled.
Sep 11 21:27:42 raspberrypi kernel: [    0.000000] rcu: 	RCU restricting CPUs from NR_CPUS=256 to nr_cpu_ids=4.
Sep 11 21:27:42 raspberrypi kernel: [    0.000000] 	Trampoline variant of Tasks RCU enabled.
Sep 11 21:27:42 raspberrypi kernel: [    0.000000] 	Rude variant of Tasks RCU enabled.
Sep 11 21:27:42 raspberrypi kernel: [    0.000000] 	Tracing variant of Tasks RCU enabled.
Sep 11 21:27:42 raspberrypi kernel: [    0.000000] rcu: RCU calculated value of scheduler-enlistment delay is 25 jiffies.
Sep 11 21:27:42 raspberrypi kernel: [    0.000000] rcu: Adjusting geometry for rcu_fanout_leaf=16, nr_cpu_ids=4
Sep 11 21:27:42 raspberrypi kernel: [    0.000000] NR_IRQS: 64, nr_irqs: 64, preallocated irqs: 0
Sep 11 21:27:42 raspberrypi kernel: [    0.000000] Root IRQ handler: bcm2836_arm_irqchip_handle_irq
Sep 11 21:27:42 raspberrypi kernel: [    0.000000] arch_timer: cp15 timer(s) running at 19.20MHz (phys).
Sep 11 21:27:42 raspberrypi kernel: [    0.000000] clocksource: arch_sys_counter: mask: 0xffffffffffffff max_cycles: 0x46d987e47, max_idle_ns: 440795202767 ns
Sep 11 21:27:42 raspberrypi kernel: [    0.000001] sched_clock: 56 bits at 19MHz, resolution 52ns, wraps every 4398046511078ns
Sep 11 21:27:42 raspberrypi kernel: [    0.000387] Console: colour dummy device 80x25
Sep 11 21:27:42 raspberrypi kernel: [    0.000458] printk: console [tty1] enabled
Sep 11 21:27:42 raspberrypi kernel: [    0.000528] Calibrating delay loop (skipped), value calculated using timer frequency.. 38.40 BogoMIPS (lpj=76800)
Sep 11 21:27:42 raspberrypi kernel: [    0.000565] pid_max: default: 32768 minimum: 301
Sep 11 21:27:42 raspberrypi kernel: [    0.000758] LSM: Security Framework initializing
Sep 11 21:27:42 raspberrypi kernel: [    0.001025] Mount-cache hash table entries: 2048 (order: 2, 16384 bytes, linear)
Sep 11 21:27:42 raspberrypi kernel: [    0.001067] Mountpoint-cache hash table entries: 2048 (order: 2, 16384 bytes, linear)
Sep 11 21:27:42 raspberrypi kernel: [    0.002763] cgroup: Disabling memory control group subsystem
Sep 11 21:27:42 raspberrypi kernel: [    0.006823] rcu: Hierarchical SRCU implementation.
Sep 11 21:27:42 raspberrypi kernel: [    0.008342] EFI services will not be available.
Sep 11 21:27:42 raspberrypi kernel: [    0.009127] smp: Bringing up secondary CPUs ...
Sep 11 21:27:42 raspberrypi kernel: [    0.010668] Detected VIPT I-cache on CPU1
Sep 11 21:27:42 raspberrypi kernel: [    0.010763] CPU1: Booted secondary processor 0x0000000001 [0x410fd034]
Sep 11 21:27:42 raspberrypi kernel: [    0.012529] Detected VIPT I-cache on CPU2
Sep 11 21:27:42 raspberrypi kernel: [    0.012593] CPU2: Booted secondary processor 0x0000000002 [0x410fd034]
Sep 11 21:27:42 raspberrypi kernel: [    0.014230] Detected VIPT I-cache on CPU3
Sep 11 21:27:42 raspberrypi kernel: [    0.014286] CPU3: Booted secondary processor 0x0000000003 [0x410fd034]
Sep 11 21:27:42 raspberrypi kernel: [    0.014499] smp: Brought up 1 node, 4 CPUs
Sep 11 21:27:42 raspberrypi kernel: [    0.014529] SMP: Total of 4 processors activated.
Sep 11 21:27:42 raspberrypi kernel: [    0.014546] CPU features: detected: 32-bit EL0 Support
Sep 11 21:27:42 raspberrypi kernel: [    0.014560] CPU features: detected: 32-bit EL1 Support
Sep 11 21:27:42 raspberrypi kernel: [    0.014577] CPU features: detected: CRC32 instructions
Sep 11 21:27:42 raspberrypi kernel: [    0.055315] CPU: All CPU(s) started at EL2
Sep 11 21:27:42 raspberrypi kernel: [    0.055432] alternatives: patching kernel code
Sep 11 21:27:42 raspberrypi kernel: [    0.057453] devtmpfs: initialized
Sep 11 21:27:42 raspberrypi kernel: [    0.081000] Enabled cp15_barrier support
Sep 11 21:27:42 raspberrypi kernel: [    0.081054] Enabled setend support
Sep 11 21:27:42 raspberrypi kernel: [    0.081083] KASLR enabled
Sep 11 21:27:42 raspberrypi kernel: [    0.081350] clocksource: jiffies: mask: 0xffffffff max_cycles: 0xffffffff, max_idle_ns: 7645041785100000 ns
Sep 11 21:27:42 raspberrypi kernel: [    0.081392] futex hash table entries: 1024 (order: 4, 65536 bytes, linear)
Sep 11 21:27:42 raspberrypi kernel: [    0.093425] pinctrl core: initialized pinctrl subsystem
Sep 11 21:27:42 raspberrypi kernel: [    0.094607] DMI not present or invalid.
Sep 11 21:27:42 raspberrypi kernel: [    0.095567] NET: Registered PF_NETLINK/PF_ROUTE protocol family
Sep 11 21:27:42 raspberrypi kernel: [    0.107181] DMA: preallocated 1024 KiB GFP_KERNEL pool for atomic allocations
Sep 11 21:27:42 raspberrypi kernel: [    0.107684] DMA: preallocated 1024 KiB GFP_KERNEL|GFP_DMA pool for atomic allocations
Sep 11 21:27:42 raspberrypi kernel: [    0.109151] DMA: preallocated 1024 KiB GFP_KERNEL|GFP_DMA32 pool for atomic allocations
Sep 11 21:27:42 raspberrypi kernel: [    0.109315] audit: initializing netlink subsys (disabled)
Sep 11 21:27:42 raspberrypi kernel: [    0.109743] audit: type=2000 audit(0.108:1): state=initialized audit_enabled=0 res=1
Sep 11 21:27:42 raspberrypi kernel: [    0.110620] thermal_sys: Registered thermal governor 'step_wise'
Sep 11 21:27:42 raspberrypi kernel: [    0.110953] cpuidle: using governor menu
Sep 11 21:27:42 raspberrypi kernel: [    0.111587] hw-breakpoint: found 6 breakpoint and 4 watchpoint registers.
Sep 11 21:27:42 raspberrypi kernel: [    0.111871] ASID allocator initialised with 32768 entries
Sep 11 21:27:42 raspberrypi kernel: [    0.112110] Serial: AMBA PL011 UART driver
Sep 11 21:27:42 raspberrypi kernel: [    0.129856] bcm2835-mbox 3f00b880.mailbox: mailbox enabled
Sep 11 21:27:42 raspberrypi kernel: [    0.160944] raspberrypi-firmware soc:firmware: Attached to firmware from 2022-10-26T11:10:35, variant start
Sep 11 21:27:42 raspberrypi kernel: [    0.164962] raspberrypi-firmware soc:firmware: Firmware hash is c72ad6b26ff40c91ef776b847436094ee63fabee
Sep 11 21:27:42 raspberrypi kernel: [    0.225918] bcm2835-dma 3f007000.dma: DMA legacy API manager, dmachans=0x1
Sep 11 21:27:42 raspberrypi kernel: [    0.231714] vgaarb: loaded
Sep 11 21:27:42 raspberrypi kernel: [    0.232370] SCSI subsystem initialized
Sep 11 21:27:42 raspberrypi kernel: [    0.232707] usbcore: registered new interface driver usbfs
Sep 11 21:27:42 raspberrypi kernel: [    0.232806] usbcore: registered new interface driver hub
Sep 11 21:27:42 raspberrypi kernel: [    0.232905] usbcore: registered new device driver usb
Sep 11 21:27:42 raspberrypi kernel: [    0.233564] usb_phy_generic phy: supply vcc not found, using dummy regulator
Sep 11 21:27:42 raspberrypi kernel: [    0.233872] usb_phy_generic phy: dummy supplies not allowed for exclusive requests
Sep 11 21:27:42 raspberrypi kernel: [    0.234271] pps_core: LinuxPPS API ver. 1 registered
Sep 11 21:27:42 raspberrypi kernel: [    0.234289] pps_core: Software ver. 5.3.6 - Copyright 2005-2007 Rodolfo Giometti <giometti@linux.it>
Sep 11 21:27:42 raspberrypi kernel: [    0.234326] PTP clock support registered
Sep 11 21:27:42 raspberrypi kernel: [    0.236641] clocksource: Switched to clocksource arch_sys_counter
Sep 11 21:27:42 raspberrypi kernel: [    0.365442] VFS: Disk quotas dquot_6.6.0
Sep 11 21:27:42 raspberrypi kernel: [    0.365592] VFS: Dquot-cache hash table entries: 512 (order 0, 4096 bytes)
Sep 11 21:27:42 raspberrypi kernel: [    0.365847] FS-Cache: Loaded
Sep 11 21:27:42 raspberrypi kernel: [    0.366164] CacheFiles: Loaded
Sep 11 21:27:42 raspberrypi kernel: [    0.367589] simple-framebuffer 3eaa9000.framebuffer: framebuffer at 0x3eaa9000, 0x151800 bytes
Sep 11 21:27:42 raspberrypi kernel: [    0.367616] simple-framebuffer 3eaa9000.framebuffer: format=a8r8g8b8, mode=720x480x32, linelength=2880
Sep 11 21:27:42 raspberrypi kernel: [    0.368228] Console: switching to colour frame buffer device 90x30
Sep 11 21:27:42 raspberrypi kernel: [    0.374073] simple-framebuffer 3eaa9000.framebuffer: fb0: simplefb registered!
Sep 11 21:27:42 raspberrypi kernel: [    0.389340] NET: Registered PF_INET protocol family
Sep 11 21:27:42 raspberrypi kernel: [    0.389673] IP idents hash table entries: 16384 (order: 5, 131072 bytes, linear)
Sep 11 21:27:42 raspberrypi kernel: [    0.391724] tcp_listen_portaddr_hash hash table entries: 512 (order: 1, 8192 bytes, linear)
Sep 11 21:27:42 raspberrypi kernel: [    0.391781] Table-perturb hash table entries: 65536 (order: 6, 262144 bytes, linear)
Sep 11 21:27:42 raspberrypi kernel: [    0.391814] TCP established hash table entries: 8192 (order: 4, 65536 bytes, linear)
Sep 11 21:27:42 raspberrypi kernel: [    0.391943] TCP bind hash table entries: 8192 (order: 5, 131072 bytes, linear)
Sep 11 21:27:42 raspberrypi kernel: [    0.392151] TCP: Hash tables configured (established 8192 bind 8192)
Sep 11 21:27:42 raspberrypi kernel: [    0.392435] UDP hash table entries: 512 (order: 2, 16384 bytes, linear)
Sep 11 21:27:42 raspberrypi kernel: [    0.392500] UDP-Lite hash table entries: 512 (order: 2, 16384 bytes, linear)
Sep 11 21:27:42 raspberrypi kernel: [    0.393472] NET: Registered PF_UNIX/PF_LOCAL protocol family
Sep 11 21:27:42 raspberrypi kernel: [    0.394749] RPC: Registered named UNIX socket transport module.
Sep 11 21:27:42 raspberrypi kernel: [    0.394770] RPC: Registered udp transport module.
Sep 11 21:27:42 raspberrypi kernel: [    0.394786] RPC: Registered tcp transport module.
Sep 11 21:27:42 raspberrypi kernel: [    0.394801] RPC: Registered tcp NFSv4.1 backchannel transport module.
Sep 11 21:27:42 raspberrypi kernel: [    0.394828] PCI: CLS 0 bytes, default 64
Sep 11 21:27:42 raspberrypi kernel: [    0.397198] hw perfevents: enabled with armv8_cortex_a53 PMU driver, 7 counters available
Sep 11 21:27:42 raspberrypi kernel: [    0.397542] kvm [1]: IPA Size Limit: 40 bits
Sep 11 21:27:42 raspberrypi kernel: [    0.399242] kvm [1]: Hyp mode initialized successfully
Sep 11 21:27:42 raspberrypi kernel: [    1.740090] Initialise system trusted keyrings
Sep 11 21:27:42 raspberrypi kernel: [    1.740602] workingset: timestamp_bits=46 max_order=18 bucket_order=0
Sep 11 21:27:42 raspberrypi kernel: [    1.751843] zbud: loaded
Sep 11 21:27:42 raspberrypi kernel: [    1.754703] FS-Cache: Netfs 'nfs' registered for caching
Sep 11 21:27:42 raspberrypi kernel: [    1.755756] NFS: Registering the id_resolver key type
Sep 11 21:27:42 raspberrypi kernel: [    1.755809] Key type id_resolver registered
Sep 11 21:27:42 raspberrypi kernel: [    1.755825] Key type id_legacy registered
Sep 11 21:27:42 raspberrypi kernel: [    1.755989] nfs4filelayout_init: NFSv4 File Layout Driver Registering...
Sep 11 21:27:42 raspberrypi kernel: [    1.756009] nfs4flexfilelayout_init: NFSv4 Flexfile Layout Driver Registering...
Sep 11 21:27:42 raspberrypi kernel: [    1.757835] Key type asymmetric registered
Sep 11 21:27:42 raspberrypi kernel: [    1.757857] Asymmetric key parser 'x509' registered
Sep 11 21:27:42 raspberrypi kernel: [    1.757972] Block layer SCSI generic (bsg) driver version 0.4 loaded (major 247)
Sep 11 21:27:42 raspberrypi kernel: [    1.758369] io scheduler mq-deadline registered
Sep 11 21:27:42 raspberrypi kernel: [    1.758390] io scheduler kyber registered
Sep 11 21:27:42 raspberrypi kernel: [    1.776407] bcm2835-rng 3f104000.rng: hwrng registered
Sep 11 21:27:42 raspberrypi kernel: [    1.777482] vc-mem: phys_addr:0x00000000 mem_base=0x3ec00000 mem_size:0x40000000(1024 MiB)
Sep 11 21:27:42 raspberrypi kernel: [    1.779657] gpiomem-bcm2835 3f200000.gpiomem: Initialised: Registers at 0x3f200000
Sep 11 21:27:42 raspberrypi kernel: [    1.799015] brd: module loaded
Sep 11 21:27:42 raspberrypi kernel: [    1.814146] loop: module loaded
Sep 11 21:27:42 raspberrypi kernel: [    1.815217] Loading iSCSI transport class v2.0-870.
Sep 11 21:27:42 raspberrypi kernel: [    1.822285] usbcore: registered new interface driver r8152
Sep 11 21:27:42 raspberrypi kernel: [    1.822390] usbcore: registered new interface driver lan78xx
Sep 11 21:27:42 raspberrypi kernel: [    1.822476] usbcore: registered new interface driver smsc95xx
Sep 11 21:27:42 raspberrypi kernel: [    1.823221] dwc_otg: version 3.00a 10-AUG-2012 (platform bus)
Sep 11 21:27:42 raspberrypi kernel: [    2.551930] Core Release: 2.80a
Sep 11 21:27:42 raspberrypi kernel: [    2.551970] Setting default values for core params
Sep 11 21:27:42 raspberrypi kernel: [    2.552004] Finished setting default values for core params
Sep 11 21:27:42 raspberrypi kernel: [    2.752484] Using Buffer DMA mode
Sep 11 21:27:42 raspberrypi kernel: [    2.752501] Periodic Transfer Interrupt Enhancement - disabled
Sep 11 21:27:42 raspberrypi kernel: [    2.752516] Multiprocessor Interrupt Enhancement - disabled
Sep 11 21:27:42 raspberrypi kernel: [    2.752532] OTG VER PARAM: 0, OTG VER FLAG: 0
Sep 11 21:27:42 raspberrypi kernel: [    2.752554] Dedicated Tx FIFOs mode
Sep 11 21:27:42 raspberrypi kernel: [    2.757232] 
Sep 11 21:27:42 raspberrypi kernel: [    2.757248] WARN::dwc_otg_hcd_init:1074: FIQ DMA bounce buffers: virt = ffffffc008471000 dma = 0x00000000df000000 len=9024
Sep 11 21:27:42 raspberrypi kernel: [    2.757294] FIQ FSM acceleration enabled for :
Sep 11 21:27:42 raspberrypi kernel: [    2.757294] Non-periodic Split Transactions
Sep 11 21:27:42 raspberrypi kernel: [    2.757294] Periodic Split Transactions
Sep 11 21:27:42 raspberrypi kernel: [    2.757294] High-Speed Isochronous Endpoints
Sep 11 21:27:42 raspberrypi kernel: [    2.757294] Interrupt/Control Split Transaction hack enabled
Sep 11 21:27:42 raspberrypi kernel: [    2.757316] dwc_otg: Microframe scheduler enabled
Sep 11 21:27:42 raspberrypi kernel: [    2.757367] 
Sep 11 21:27:42 raspberrypi kernel: [    2.757380] WARN::hcd_init_fiq:497: MPHI regs_base at ffffffc008065000
Sep 11 21:27:42 raspberrypi kernel: [    2.757478] dwc_otg 3f980000.usb: DWC OTG Controller
Sep 11 21:27:42 raspberrypi kernel: [    2.757525] dwc_otg 3f980000.usb: new USB bus registered, assigned bus number 1
Sep 11 21:27:42 raspberrypi kernel: [    2.757601] dwc_otg 3f980000.usb: irq 74, io mem 0x00000000
Sep 11 21:27:42 raspberrypi kernel: [    2.757664] Init: Port Power? op_state=1
Sep 11 21:27:42 raspberrypi kernel: [    2.757679] Init: Power Port (0)
Sep 11 21:27:42 raspberrypi kernel: [    2.758204] usb usb1: New USB device found, idVendor=1d6b, idProduct=0002, bcdDevice= 5.15
Sep 11 21:27:42 raspberrypi kernel: [    2.758232] usb usb1: New USB device strings: Mfr=3, Product=2, SerialNumber=1
Sep 11 21:27:42 raspberrypi kernel: [    2.758254] usb usb1: Product: DWC OTG Controller
Sep 11 21:27:42 raspberrypi kernel: [    2.758274] usb usb1: Manufacturer: Linux 5.15.74-v8+ dwc_otg_hcd
Sep 11 21:27:42 raspberrypi kernel: [    2.758295] usb usb1: SerialNumber: 3f980000.usb
Sep 11 21:27:42 raspberrypi kernel: [    2.759355] hub 1-0:1.0: USB hub found
Sep 11 21:27:42 raspberrypi kernel: [    2.759447] hub 1-0:1.0: 1 port detected
Sep 11 21:27:42 raspberrypi kernel: [    2.760765] dwc_otg: FIQ enabled
Sep 11 21:27:42 raspberrypi kernel: [    2.760783] dwc_otg: NAK holdoff enabled
Sep 11 21:27:42 raspberrypi kernel: [    2.760798] dwc_otg: FIQ split-transaction FSM enabled
Sep 11 21:27:42 raspberrypi kernel: [    2.760820] Module dwc_common_port init
Sep 11 21:27:42 raspberrypi kernel: [    2.761660] usbcore: registered new interface driver uas
Sep 11 21:27:42 raspberrypi kernel: [    2.761789] usbcore: registered new interface driver usb-storage
Sep 11 21:27:42 raspberrypi kernel: [    2.762130] mousedev: PS/2 mouse device common for all mice
Sep 11 21:27:42 raspberrypi kernel: [    2.768986] sdhci: Secure Digital Host Controller Interface driver
Sep 11 21:27:42 raspberrypi kernel: [    2.769011] sdhci: Copyright(c) Pierre Ossman
Sep 11 21:27:42 raspberrypi kernel: [    2.769906] sdhci-pltfm: SDHCI platform and OF driver helper
Sep 11 21:27:42 raspberrypi kernel: [    2.773965] ledtrig-cpu: registered to indicate activity on CPUs
Sep 11 21:27:42 raspberrypi kernel: [    2.774918] hid: raw HID events driver (C) Jiri Kosina
Sep 11 21:27:42 raspberrypi kernel: [    2.775143] usbcore: registered new interface driver usbhid
Sep 11 21:27:42 raspberrypi kernel: [    2.775162] usbhid: USB HID core driver
Sep 11 21:27:42 raspberrypi kernel: [    2.775639] ashmem: initialized
Sep 11 21:27:42 raspberrypi kernel: [    2.783545] NET: Registered PF_PACKET protocol family
Sep 11 21:27:42 raspberrypi kernel: [    2.783769] Key type dns_resolver registered
Sep 11 21:27:42 raspberrypi kernel: [    2.785858] registered taskstats version 1
Sep 11 21:27:42 raspberrypi kernel: [    2.785904] Loading compiled-in X.509 certificates
Sep 11 21:27:42 raspberrypi kernel: [    2.786786] Key type ._fscrypt registered
Sep 11 21:27:42 raspberrypi kernel: [    2.786806] Key type .fscrypt registered
Sep 11 21:27:42 raspberrypi kernel: [    2.786822] Key type fscrypt-provisioning registered
Sep 11 21:27:42 raspberrypi kernel: [    2.806553] uart-pl011 3f201000.serial: cts_event_workaround enabled
Sep 11 21:27:42 raspberrypi kernel: [    2.806773] 3f201000.serial: ttyAMA0 at MMIO 0x3f201000 (irq = 99, base_baud = 0) is a PL011 rev2
Sep 11 21:27:42 raspberrypi kernel: [    2.812661] bcm2835-wdt bcm2835-wdt: Broadcom BCM2835 watchdog timer
Sep 11 21:27:42 raspberrypi kernel: [    2.813396] bcm2835-power bcm2835-power: Broadcom BCM2835 power domains driver
Sep 11 21:27:42 raspberrypi kernel: [    2.816158] mmc-bcm2835 3f300000.mmcnr: mmc_debug:0 mmc_debug2:0
Sep 11 21:27:42 raspberrypi kernel: [    2.816185] mmc-bcm2835 3f300000.mmcnr: DMA channel allocated
Sep 11 21:27:42 raspberrypi kernel: [    2.843017] sdhost: log_buf @ 000000005d6a35be (c2ec5000)
Sep 11 21:27:42 raspberrypi kernel: [    2.868850] Indeed it is in host mode hprt0 = 00021501
Sep 11 21:27:42 raspberrypi kernel: [    2.914882] mmc0: sdhost-bcm2835 loaded - DMA enabled (>1)
Sep 11 21:27:42 raspberrypi kernel: [    2.919853] of_cfs_init
Sep 11 21:27:42 raspberrypi kernel: [    2.920083] of_cfs_init: OK
Sep 11 21:27:42 raspberrypi kernel: [    2.922593] Waiting for root device PARTUUID=bca3ba81-02...
Sep 11 21:27:42 raspberrypi kernel: [    2.961016] mmc1: new high speed SDIO card at address 0001
Sep 11 21:27:42 raspberrypi kernel: [    2.986623] mmc0: host does not support reading read-only switch, assuming write-enable
Sep 11 21:27:42 raspberrypi kernel: [    2.990885] mmc0: new high speed SDHC card at address aaaa
Sep 11 21:27:42 raspberrypi kernel: [    2.992485] mmcblk0: mmc0:aaaa SL16G 14.8 GiB 
Sep 11 21:27:42 raspberrypi kernel: [    2.998640]  mmcblk0: p1 p2
Sep 11 21:27:42 raspberrypi kernel: [    2.999454] mmcblk0: mmc0:aaaa SL16G 14.8 GiB
Sep 11 21:27:42 raspberrypi kernel: [    3.015955] EXT4-fs (mmcblk0p2): mounted filesystem with ordered data mode. Opts: (null). Quota mode: none.
Sep 11 21:27:42 raspberrypi kernel: [    3.016097] VFS: Mounted root (ext4 filesystem) readonly on device 179:2.
Sep 11 21:27:42 raspberrypi kernel: [    3.017265] devtmpfs: mounted
Sep 11 21:27:42 raspberrypi kernel: [    3.028846] Freeing unused kernel memory: 3840K
Sep 11 21:27:42 raspberrypi kernel: [    3.029049] Run /sbin/init as init process
Sep 11 21:27:42 raspberrypi kernel: [    3.029067]   with arguments:
Sep 11 21:27:42 raspberrypi kernel: [    3.029109]     /sbin/init
Sep 11 21:27:42 raspberrypi kernel: [    3.029124]     splash
Sep 11 21:27:42 raspberrypi kernel: [    3.029137]   with environment:
Sep 11 21:27:42 raspberrypi kernel: [    3.029150]     HOME=/
Sep 11 21:27:42 raspberrypi kernel: [    3.029164]     TERM=linux
Sep 11 21:27:42 raspberrypi kernel: [    3.056708] usb 1-1: new high-speed USB device number 2 using dwc_otg
Sep 11 21:27:42 raspberrypi kernel: [    3.056965] Indeed it is in host mode hprt0 = 00001101
Sep 11 21:27:42 raspberrypi kernel: [    3.265328] usb 1-1: New USB device found, idVendor=0424, idProduct=2514, bcdDevice= b.b3
Sep 11 21:27:42 raspberrypi kernel: [    3.265374] usb 1-1: New USB device strings: Mfr=0, Product=0, SerialNumber=0
Sep 11 21:27:42 raspberrypi kernel: [    3.266669] hub 1-1:1.0: USB hub found
Sep 11 21:27:42 raspberrypi kernel: [    3.266886] hub 1-1:1.0: 4 ports detected
Sep 11 21:27:42 raspberrypi kernel: [    3.556711] usb 1-1.1: new high-speed USB device number 3 using dwc_otg
Sep 11 21:27:42 raspberrypi kernel: [    3.657325] usb 1-1.1: New USB device found, idVendor=0424, idProduct=2514, bcdDevice= b.b3
Sep 11 21:27:42 raspberrypi kernel: [    3.657373] usb 1-1.1: New USB device strings: Mfr=0, Product=0, SerialNumber=0
Sep 11 21:27:42 raspberrypi kernel: [    3.658636] hub 1-1.1:1.0: USB hub found
Sep 11 21:27:42 raspberrypi kernel: [    3.658867] hub 1-1.1:1.0: 3 ports detected
Sep 11 21:27:42 raspberrypi kernel: [    3.948456] NET: Registered PF_INET6 protocol family
Sep 11 21:27:42 raspberrypi kernel: [    3.950831] Segment Routing with IPv6
Sep 11 21:27:42 raspberrypi kernel: [    3.950899] In-situ OAM (IOAM) with IPv6
Sep 11 21:27:42 raspberrypi kernel: [    4.012434] dwc_otg_handle_wakeup_detected_intr lxstate = 2
Sep 11 21:27:42 raspberrypi kernel: [    4.392726] usb 1-1.1.1: new high-speed USB device number 4 using dwc_otg
Sep 11 21:27:42 raspberrypi kernel: [    4.493588] usb 1-1.1.1: New USB device found, idVendor=0424, idProduct=7800, bcdDevice= 3.00
Sep 11 21:27:42 raspberrypi kernel: [    4.493637] usb 1-1.1.1: New USB device strings: Mfr=0, Product=0, SerialNumber=0
Sep 11 21:27:42 raspberrypi kernel: [    4.761919] lan78xx 1-1.1.1:1.0 (unnamed net_device) (uninitialized): No External EEPROM. Setting MAC Speed
Sep 11 21:27:42 raspberrypi kernel: [    4.791251] lan78xx 1-1.1.1:1.0 (unnamed net_device) (uninitialized): int urb period 64
Sep 11 21:27:42 raspberrypi kernel: [    5.693618] fuse: init (API version 7.34)
Sep 11 21:27:42 raspberrypi kernel: [    5.782804] i2c_dev: i2c /dev entries driver
Sep 11 21:27:42 raspberrypi kernel: [    6.278593] EXT4-fs (mmcblk0p2): re-mounted. Opts: (null). Quota mode: none.
Sep 11 21:27:42 raspberrypi kernel: [    8.273220] i2c-gpio 3.i2c: using lines 23 (SDA) and 22 (SCL)
Sep 11 21:27:42 raspberrypi kernel: [    8.277030] i2c-gpio 4.i2c: using lines 6 (SDA) and 27 (SCL)
Sep 11 21:27:42 raspberrypi kernel: [    8.278591] i2c-gpio 5.i2c: using lines 15 (SDA) and 17 (SCL)
Sep 11 21:27:42 raspberrypi kernel: [    8.279861] i2c-gpio 6.i2c: using lines 14 (SDA) and 4 (SCL)
Sep 11 21:27:42 raspberrypi kernel: [    8.281157] i2c-gpio 7.i2c: using lines 3 (SDA) and 2 (SCL)
Sep 11 21:27:42 raspberrypi kernel: [    8.495852] vc_sm_cma: module is from the staging directory, the quality is unknown, you have been warned.
Sep 11 21:27:42 raspberrypi kernel: [    8.513624] mc: Linux media interface: v0.10
Sep 11 21:27:42 raspberrypi kernel: [    8.521415] bcm2835_vc_sm_cma_probe: Videocore shared memory driver
Sep 11 21:27:42 raspberrypi kernel: [    8.521473] [vc_sm_connected_init]: start
Sep 11 21:27:42 raspberrypi kernel: [    8.549292] [vc_sm_connected_init]: installed successfully
Sep 11 21:27:42 raspberrypi kernel: [    8.659885] videodev: Linux video capture interface: v2.00
Sep 11 21:27:42 raspberrypi kernel: [    8.721826] bcm2835_mmal_vchiq: module is from the staging directory, the quality is unknown, you have been warned.
Sep 11 21:27:42 raspberrypi kernel: [    8.734620] bcm2835_isp: module is from the staging directory, the quality is unknown, you have been warned.
Sep 11 21:27:42 raspberrypi kernel: [    8.745059] bcm2835-isp bcm2835-isp: Device node output[0] registered as /dev/video13
Sep 11 21:27:42 raspberrypi kernel: [    8.745847] bcm2835-isp bcm2835-isp: Device node capture[0] registered as /dev/video14
Sep 11 21:27:42 raspberrypi kernel: [    8.746478] bcm2835-isp bcm2835-isp: Device node capture[1] registered as /dev/video15
Sep 11 21:27:42 raspberrypi kernel: [    8.747040] bcm2835-isp bcm2835-isp: Device node stats[2] registered as /dev/video16
Sep 11 21:27:42 raspberrypi kernel: [    8.747092] bcm2835-isp bcm2835-isp: Register output node 0 with media controller
Sep 11 21:27:42 raspberrypi kernel: [    8.747130] bcm2835-isp bcm2835-isp: Register capture node 1 with media controller
Sep 11 21:27:42 raspberrypi kernel: [    8.747160] bcm2835-isp bcm2835-isp: Register capture node 2 with media controller
Sep 11 21:27:42 raspberrypi kernel: [    8.747212] bcm2835-isp bcm2835-isp: Register capture node 3 with media controller
Sep 11 21:27:42 raspberrypi kernel: [    8.755306] bcm2835-isp bcm2835-isp: Device node output[0] registered as /dev/video20
Sep 11 21:27:42 raspberrypi kernel: [    8.755929] bcm2835-isp bcm2835-isp: Device node capture[0] registered as /dev/video21
Sep 11 21:27:42 raspberrypi kernel: [    8.756441] bcm2835-isp bcm2835-isp: Device node capture[1] registered as /dev/video22
Sep 11 21:27:42 raspberrypi kernel: [    8.757033] bcm2835-isp bcm2835-isp: Device node stats[2] registered as /dev/video23
Sep 11 21:27:42 raspberrypi kernel: [    8.757082] bcm2835-isp bcm2835-isp: Register output node 0 with media controller
Sep 11 21:27:42 raspberrypi kernel: [    8.757118] bcm2835-isp bcm2835-isp: Register capture node 1 with media controller
Sep 11 21:27:42 raspberrypi kernel: [    8.757147] bcm2835-isp bcm2835-isp: Register capture node 2 with media controller
Sep 11 21:27:42 raspberrypi kernel: [    8.757174] bcm2835-isp bcm2835-isp: Register capture node 3 with media controller
Sep 11 21:27:42 raspberrypi kernel: [    8.757530] bcm2835-isp bcm2835-isp: Loaded V4L2 bcm2835-isp
Sep 11 21:27:42 raspberrypi kernel: [    8.786377] bcm2835_v4l2: module is from the staging directory, the quality is unknown, you have been warned.
Sep 11 21:27:42 raspberrypi kernel: [    8.859012] bcm2835_codec: module is from the staging directory, the quality is unknown, you have been warned.
Sep 11 21:27:42 raspberrypi kernel: [    8.892456] bcm2835-codec bcm2835-codec: Device registered as /dev/video10
Sep 11 21:27:42 raspberrypi kernel: [    8.892557] bcm2835-codec bcm2835-codec: Loaded V4L2 decode
Sep 11 21:27:42 raspberrypi kernel: [    8.897855] bcm2835-codec bcm2835-codec: Device registered as /dev/video11
Sep 11 21:27:42 raspberrypi kernel: [    8.897963] bcm2835-codec bcm2835-codec: Loaded V4L2 encode
Sep 11 21:27:42 raspberrypi kernel: [    8.904166] bcm2835-codec bcm2835-codec: Device registered as /dev/video12
Sep 11 21:27:42 raspberrypi kernel: [    8.904257] bcm2835-codec bcm2835-codec: Loaded V4L2 isp
Sep 11 21:27:42 raspberrypi kernel: [    8.916687] bcm2835-codec bcm2835-codec: Device registered as /dev/video18
Sep 11 21:27:42 raspberrypi kernel: [    8.916772] bcm2835-codec bcm2835-codec: Loaded V4L2 image_fx
Sep 11 21:27:42 raspberrypi kernel: [    8.925338] bcm2835-codec bcm2835-codec: Device registered as /dev/video31
Sep 11 21:27:42 raspberrypi kernel: [    8.925430] bcm2835-codec bcm2835-codec: Loaded V4L2 encode_image
Sep 11 21:27:42 raspberrypi kernel: [    9.588241] cfg80211: Loading compiled-in X.509 certificates for regulatory database
Sep 11 21:27:42 raspberrypi kernel: [    9.666889] cfg80211: Loaded X.509 cert 'sforshee: 00b28ddf47aef9cea7'
Sep 11 21:27:42 raspberrypi kernel: [    9.704027] cfg80211: loaded regulatory.db is malformed or signature is missing/invalid
Sep 11 21:27:42 raspberrypi kernel: [   10.017238] brcmfmac: F1 signature read @0x18000000=0x15264345
Sep 11 21:27:42 raspberrypi kernel: [   10.042082] brcmfmac: brcmf_fw_alloc_request: using brcm/brcmfmac43455-sdio for chip BCM4345/6
Sep 11 21:27:42 raspberrypi kernel: [   10.043275] usbcore: registered new interface driver brcmfmac
Sep 11 21:27:42 raspberrypi kernel: [   10.046450] brcmfmac mmc1:0001:1: Direct firmware load for brcm/brcmfmac43455-sdio.raspberrypi,3-model-b-plus.bin failed with error -2
Sep 11 21:27:42 raspberrypi kernel: [   10.142911] checking generic (3eaa9000 151800) vs hw (0 ffffffffffffffff)
Sep 11 21:27:42 raspberrypi kernel: [   10.142957] fb0: switching to vc4 from simple
Sep 11 21:27:42 raspberrypi kernel: [   10.161509] Console: switching to colour dummy device 80x25
Sep 11 21:27:42 raspberrypi kernel: [   10.175464] vc4-drm soc:gpu: bound 3f400000.hvs (ops vc4_hvs_ops [vc4])
Sep 11 21:27:42 raspberrypi kernel: [   10.240924] Registered IR keymap rc-cec
Sep 11 21:27:42 raspberrypi kernel: [   10.242375] rc rc0: vc4 as /devices/platform/soc/3f902000.hdmi/rc/rc0
Sep 11 21:27:42 raspberrypi kernel: [   10.242760] input: vc4 as /devices/platform/soc/3f902000.hdmi/rc/rc0/input0
Sep 11 21:27:42 raspberrypi kernel: [   10.392498] brcmfmac: brcmf_fw_alloc_request: using brcm/brcmfmac43455-sdio for chip BCM4345/6
Sep 11 21:27:42 raspberrypi kernel: [   10.392963] brcmfmac: brcmf_fw_alloc_request: using brcm/brcmfmac43455-sdio for chip BCM4345/6
Sep 11 21:27:42 raspberrypi kernel: [   10.402789] brcmfmac: brcmf_c_preinit_dcmds: Firmware: BCM4345/6 wl0: Nov  1 2021 00:37:25 version 7.45.241 (1a2f2fa CY) FWID 01-703fd60
Sep 11 21:27:42 raspberrypi kernel: [   10.474718] vc4-drm soc:gpu: bound 3f902000.hdmi (ops vc4_hdmi_ops [vc4])
Sep 11 21:27:42 raspberrypi kernel: [   10.475414] vc4-drm soc:gpu: bound 3f004000.txp (ops vc4_txp_ops [vc4])
Sep 11 21:27:42 raspberrypi kernel: [   10.475957] vc4-drm soc:gpu: bound 3f206000.pixelvalve (ops vc4_crtc_ops [vc4])
Sep 11 21:27:42 raspberrypi systemd[1]: Starting Create System Users...
Sep 11 21:27:42 raspberrypi systemd[1]: Finished Load/Save Random Seed.
Sep 11 21:27:42 raspberrypi systemd[1]: Condition check resulted in First Boot Complete being skipped.
Sep 11 21:27:42 raspberrypi systemd[1]: Finished Create System Users.
Sep 11 21:27:42 raspberrypi systemd[1]: Starting Create Static Device Nodes in /dev...
Sep 11 21:27:42 raspberrypi systemd[1]: Finished Set the console keyboard layout.
Sep 11 21:27:42 raspberrypi systemd[1]: Finished Coldplug All udev Devices.
Sep 11 21:27:42 raspberrypi systemd[1]: Starting Helper to synchronize boot up for ifupdown...
Sep 11 21:27:42 raspberrypi systemd[1]: Finished Helper to synchronize boot up for ifupdown.
Sep 11 21:27:42 raspberrypi systemd[1]: Finished Create Static Device Nodes in /dev.
Sep 11 21:27:42 raspberrypi systemd[1]: Reached target Local File Systems (Pre).
Sep 11 21:27:42 raspberrypi systemd[1]: Starting Rule-based Manager for Device Events and Files...
Sep 11 21:27:42 raspberrypi systemd[1]: Finished Flush Journal to Persistent Storage.
Sep 11 21:27:42 raspberrypi systemd[1]: Started Rule-based Manager for Device Events and Files.
Sep 11 21:27:42 raspberrypi systemd[1]: Starting Show Plymouth Boot Screen...
Sep 11 21:27:42 raspberrypi systemd[1]: Received SIGRTMIN+20 from PID 182 (plymouthd).
Sep 11 21:27:42 raspberrypi systemd[1]: Started Show Plymouth Boot Screen.
Sep 11 21:27:42 raspberrypi systemd[1]: Condition check resulted in Dispatch Password Requests to Console Directory Watch being skipped.
Sep 11 21:27:42 raspberrypi systemd[1]: Started Forward Password Requests to Plymouth Directory Watch.
Sep 11 21:27:42 raspberrypi systemd[1]: Reached target Local Encrypted Volumes.
Sep 11 21:27:42 raspberrypi systemd[1]: Condition check resulted in Dispatch Password Requests to Console Directory Watch being skipped.
Sep 11 21:27:42 raspberrypi systemd[1]: Condition check resulted in Huge Pages File System being skipped.
Sep 11 21:27:42 raspberrypi systemd[1]: Condition check resulted in Set Up Additional Binary Formats being skipped.
Sep 11 21:27:42 raspberrypi systemd[1]: Condition check resulted in Rebuild Hardware Database being skipped.
Sep 11 21:27:42 raspberrypi systemd[1]: Condition check resulted in Platform Persistent Storage Archival being skipped.
Sep 11 21:27:42 raspberrypi systemd[1]: Found device /dev/disk/by-partuuid/bca3ba81-01.
Sep 11 21:27:42 raspberrypi systemd[1]: Starting File System Check on /dev/disk/by-partuuid/bca3ba81-01...
Sep 11 21:27:42 raspberrypi systemd-fsck[246]: fsck.fat 4.2 (2021-01-31)
Sep 11 21:27:42 raspberrypi systemd-fsck[246]: /dev/mmcblk0p1: 317 files, 15632/130554 clusters
Sep 11 21:27:42 raspberrypi systemd[1]: Finished File System Check on /dev/disk/by-partuuid/bca3ba81-01.
Sep 11 21:27:42 raspberrypi mtp-probe: checking bus 1, device 4: "/sys/devices/platform/soc/3f980000.usb/usb1/1-1/1-1.1/1-1.1.1"
Sep 11 21:27:42 raspberrypi systemd[1]: Mounting /boot...
Sep 11 21:27:42 raspberrypi mtp-probe: bus: 1, device: 4 was not an MTP device
Sep 11 21:27:42 raspberrypi systemd[1]: Mounted /boot.
Sep 11 21:27:42 raspberrypi systemd[1]: Reached target Local File Systems.
Sep 11 21:27:42 raspberrypi systemd[1]: Starting Set console font and keymap...
Sep 11 21:27:42 raspberrypi systemd[1]: Starting Raise network interfaces...
Sep 11 21:27:42 raspberrypi systemd[1]: Starting Preprocess NFS configuration...
Sep 11 21:27:42 raspberrypi systemd[1]: Starting Tell Plymouth To Write Out Runtime Data...
Sep 11 21:27:42 raspberrypi systemd[1]: Condition check resulted in Store a System Token in an EFI Variable being skipped.
Sep 11 21:27:42 raspberrypi systemd[1]: Condition check resulted in Commit a transient machine-id on disk being skipped.
Sep 11 21:27:42 raspberrypi systemd[1]: Starting Create Volatile Files and Directories...
Sep 11 21:27:42 raspberrypi systemd[1]: Finished Set console font and keymap.
Sep 11 21:27:42 raspberrypi systemd[1]: nfs-config.service: Succeeded.
Sep 11 21:27:42 raspberrypi systemd[1]: Finished Preprocess NFS configuration.
Sep 11 21:27:42 raspberrypi systemd[1]: Condition check resulted in RPC security service for NFS client and server being skipped.
Sep 11 21:27:42 raspberrypi systemd[1]: Condition check resulted in RPC security service for NFS server being skipped.
Sep 11 21:27:42 raspberrypi systemd[1]: Reached target NFS client services.
Sep 11 21:27:42 raspberrypi systemd[1]: Reached target Remote File Systems (Pre).
Sep 11 21:27:42 raspberrypi systemd[1]: Reached target Remote File Systems.
Sep 11 21:27:42 raspberrypi systemd-udevd[175]: Using default interface naming scheme 'v247'.
Sep 11 21:27:42 raspberrypi systemd[1]: Finished Create Volatile Files and Directories.
Sep 11 21:27:42 raspberrypi systemd[1]: Starting Network Time Synchronization...
Sep 11 21:27:42 raspberrypi systemd[1]: Starting Update UTMP about System Boot/Shutdown...
Sep 11 21:27:42 raspberrypi systemd[1]: Finished Update UTMP about System Boot/Shutdown.
Sep 11 21:27:42 raspberrypi kernel: [   10.476564] vc4-drm soc:gpu: bound 3f207000.pixelvalve (ops vc4_crtc_ops [vc4])
Sep 11 21:27:42 raspberrypi kernel: [   10.477253] vc4-drm soc:gpu: bound 3f807000.pixelvalve (ops vc4_crtc_ops [vc4])
Sep 11 21:27:42 raspberrypi kernel: [   10.477722] vc4-drm soc:gpu: bound 3fc00000.v3d (ops vc4_v3d_ops [vc4])
Sep 11 21:27:42 raspberrypi kernel: [   10.564188] [drm] Initialized vc4 0.0.0 20140616 for soc:gpu on minor 0
Sep 11 21:27:42 raspberrypi kernel: [   10.564817] vc4-drm soc:gpu: [drm] Cannot find any crtc or sizes
Sep 11 21:27:42 raspberrypi kernel: [   11.676504] 8021q: 802.1Q VLAN Support v1.8
Sep 11 21:27:42 raspberrypi kernel: [   11.731168] uart-pl011 3f201000.serial: no DMA platform data
Sep 11 21:27:42 raspberrypi kernel: [   11.798726] Adding 102396k swap on /var/swap.  Priority:-2 extents:1 across:102396k SSFS
Sep 11 21:27:42 raspberrypi systemd[1]: Finished Raise network interfaces.
Sep 11 21:27:42 raspberrypi systemd[1]: Received SIGRTMIN+20 from PID 182 (plymouthd).
Sep 11 21:27:42 raspberrypi systemd[1]: Finished Tell Plymouth To Write Out Runtime Data.
Sep 11 21:27:42 raspberrypi systemd[1]: Started Network Time Synchronization.
Sep 11 21:27:42 raspberrypi systemd[1]: Reached target System Initialization.
Sep 11 21:27:42 raspberrypi systemd[1]: Started CUPS Scheduler.
Sep 11 21:27:42 raspberrypi systemd[1]: Started Daily Cleanup of Temporary Directories.
Sep 11 21:27:42 raspberrypi systemd[1]: Reached target Paths.
Sep 11 21:27:42 raspberrypi systemd[1]: Reached target System Time Set.
Sep 11 21:27:42 raspberrypi systemd[1]: Reached target System Time Synchronized.
Sep 11 21:27:42 raspberrypi systemd[1]: Started Daily apt download activities.
Sep 11 21:27:42 raspberrypi systemd[1]: Started Daily apt upgrade and clean activities.
Sep 11 21:27:42 raspberrypi systemd[1]: Started Periodic ext4 Online Metadata Check for All Filesystems.
Sep 11 21:27:42 raspberrypi systemd[1]: Started Daily exim4-base housekeeping.
Sep 11 21:27:42 raspberrypi systemd[1]: Started Discard unused blocks once a week.
Sep 11 21:27:42 raspberrypi systemd[1]: Started Daily rotation of log files.
Sep 11 21:27:42 raspberrypi systemd[1]: Started Daily man-db regeneration.
Sep 11 21:27:42 raspberrypi systemd[1]: Reached target Timers.
Sep 11 21:27:42 raspberrypi systemd[1]: Listening on Avahi mDNS/DNS-SD Stack Activation Socket.
Sep 11 21:27:42 raspberrypi systemd[1]: Listening on CUPS Scheduler.
Sep 11 21:27:42 raspberrypi systemd[1]: Listening on D-Bus System Message Bus Socket.
Sep 11 21:27:42 raspberrypi systemd[1]: Listening on triggerhappy.socket.
Sep 11 21:27:42 raspberrypi systemd[1]: Reached target Sockets.
Sep 11 21:27:42 raspberrypi systemd[1]: Reached target Basic System.
Sep 11 21:27:42 raspberrypi systemd[1]: Starting Avahi mDNS/DNS-SD Stack...
Sep 11 21:27:42 raspberrypi systemd[1]: Started Regular background program processing daemon.
Sep 11 21:27:42 raspberrypi systemd[1]: Started D-Bus System Message Bus.
Sep 11 21:27:42 raspberrypi cron[353]: (CRON) INFO (pidfile fd = 3)
Sep 11 21:27:42 raspberrypi systemd[1]: Starting dphys-swapfile - set up, mount/unmount, and delete a swap file...
Sep 11 21:27:42 raspberrypi systemd[1]: Starting Remove Stale Online ext4 Metadata Check Snapshots...
Sep 11 21:27:42 raspberrypi systemd[1]: Condition check resulted in getty on tty2-tty6 if dbus and logind are not available being skipped.
Sep 11 21:27:42 raspberrypi systemd[1]: Starting Check for glamor...
Sep 11 21:27:42 raspberrypi systemd[1]: Starting Check for v3d driver...
Sep 11 21:27:42 raspberrypi systemd[1]: Starting Configure Bluetooth Modems connected by UART...
Sep 11 21:27:42 raspberrypi cron[353]: (CRON) INFO (Running @reboot jobs)
Sep 11 21:27:42 raspberrypi avahi-daemon[352]: Found user 'avahi' (UID 108) and group 'avahi' (GID 113).
Sep 11 21:27:42 raspberrypi avahi-daemon[352]: Successfully dropped root privileges.
Sep 11 21:27:42 raspberrypi avahi-daemon[352]: avahi-daemon 0.8 starting up.
Sep 11 21:27:42 raspberrypi systemd[1]: Starting Authorization Manager...
Sep 11 21:27:42 raspberrypi systemd[1]: Condition check resulted in Copy user wpa_supplicant.conf being skipped.
Sep 11 21:27:42 raspberrypi systemd[1]: Starting DHCP Client Daemon...
Sep 11 21:27:42 raspberrypi systemd[1]: Starting LSB: Switch to ondemand cpu governor (unless shift key is pressed)...
Sep 11 21:27:42 raspberrypi systemd[1]: Starting LSB: rng-tools (Debian variant)...
Sep 11 21:27:42 raspberrypi systemd[1]: Starting Check for Raspberry Pi EEPROM updates...
Sep 11 21:27:42 raspberrypi systemd[1]: Starting System Logging Service...
Sep 11 21:27:42 raspberrypi systemd[1]: Condition check resulted in Turn on SSH if /boot/ssh is present being skipped.
Sep 11 21:27:42 raspberrypi dhcpcd[371]: dev: loaded udev
Sep 11 21:27:42 raspberrypi systemd[1]: Starting User Login Management...
Sep 11 21:27:42 raspberrypi systemd-udevd[180]: Using default interface naming scheme 'v247'.
Sep 11 21:27:42 raspberrypi systemd[1]: Starting triggerhappy global hotkey daemon...
Sep 11 21:27:42 raspberrypi systemd[1]: Starting Disk Manager...
Sep 11 21:27:42 raspberrypi systemd[1]: Starting WPA supplicant...
Sep 11 21:27:42 raspberrypi rpi-eeprom-update[392]: This tool only works with a Raspberry Pi 4
Sep 11 21:27:42 raspberrypi dphys-swapfile[356]: want /var/swap=100MByte, checking existing: keeping it
Sep 11 21:27:42 raspberrypi systemd[1]: e2scrub_reap.service: Succeeded.
Sep 11 21:27:42 raspberrypi systemd[1]: Finished Remove Stale Online ext4 Metadata Check Snapshots.
Sep 11 21:27:42 raspberrypi systemd[1]: Finished Check for Raspberry Pi EEPROM updates.
Sep 11 21:27:42 raspberrypi dhcpcd[371]: forked to background, child pid 456
Sep 11 21:27:42 raspberrypi systemd[1]: Started DHCP Client Daemon.
Sep 11 21:27:42 raspberrypi thd[423]: Found socket passed from systemd
Sep 11 21:27:42 raspberrypi systemd[1]: Started triggerhappy global hotkey daemon.
Sep 11 21:27:42 raspberrypi dbus-daemon[354]: dbus[354]: Unknown username "geoclue" in message bus configuration file
Sep 11 21:27:42 raspberrypi systemd[1]: Finished dphys-swapfile - set up, mount/unmount, and delete a swap file.
Sep 11 21:27:42 raspberrypi rsyslogd: imuxsock: Acquired UNIX socket '/run/systemd/journal/syslog' (fd 3) from systemd.  [v8.2102.0]
Sep 11 21:27:42 raspberrypi rsyslogd: [origin software="rsyslogd" swVersion="8.2102.0" x-pid="393" x-info="https://www.rsyslog.com"] start
Sep 11 21:27:42 raspberrypi systemd[1]: Started System Logging Service.
Sep 11 21:27:42 raspberrypi systemd[1]: Listening on Load/Save RF Kill Switch Status /dev/rfkill Watch.
Sep 11 21:27:42 raspberrypi systemd-udevd[175]: event0: Process '/usr/sbin/th-cmd --socket /var/run/thd.socket --passfd --udev' failed with exit code 1.
Sep 11 21:27:42 raspberrypi udisksd[433]: udisks daemon version 2.9.2 starting
Sep 11 21:27:42 raspberrypi systemd[1]: Starting Load/Save RF Kill Switch Status...
Sep 11 21:27:42 raspberrypi systemd[1]: Started Avahi mDNS/DNS-SD Stack.
Sep 11 21:27:42 raspberrypi systemd[1]: Finished Check for v3d driver.
Sep 11 21:27:42 raspberrypi rngd[498]: rngd 2.2 starting up...
Sep 11 21:27:42 raspberrypi wpa_supplicant[435]: Successfully initialized wpa_supplicant
Sep 11 21:27:42 raspberrypi avahi-daemon[352]: Successfully called chroot().
Sep 11 21:27:42 raspberrypi systemd[1]: Started LSB: rng-tools (Debian variant).
Sep 11 21:27:42 raspberrypi avahi-daemon[352]: Successfully dropped remaining capabilities.
Sep 11 21:27:42 raspberrypi avahi-daemon[352]: No service file found in /etc/avahi/services.
Sep 11 21:27:42 raspberrypi systemd[1]: Started WPA supplicant.
Sep 11 21:27:42 raspberrypi avahi-daemon[352]: Joining mDNS multicast group on interface lo.IPv6 with address ::1.
Sep 11 21:27:42 raspberrypi systemd[1]: Reached target Network.
Sep 11 21:27:42 raspberrypi avahi-daemon[352]: New relevant interface lo.IPv6 for mDNS.
Sep 11 21:27:42 raspberrypi systemd[1]: Reached target Network is Online.
Sep 11 21:27:42 raspberrypi avahi-daemon[352]: Joining mDNS multicast group on interface lo.IPv4 with address 127.0.0.1.
Sep 11 21:27:42 raspberrypi avahi-daemon[352]: New relevant interface lo.IPv4 for mDNS.
Sep 11 21:27:42 raspberrypi systemd[1]: Starting The Apache HTTP Server...
Sep 11 21:27:42 raspberrypi avahi-daemon[352]: Network interface enumeration completed.
Sep 11 21:27:42 raspberrypi avahi-daemon[352]: Registering new address record for ::1 on lo.*.
Sep 11 21:27:42 raspberrypi avahi-daemon[352]: Registering new address record for 127.0.0.1 on lo.IPv4.
Sep 11 21:27:42 raspberrypi rngd[498]: entropy feed to the kernel ready
Sep 11 21:27:42 raspberrypi dhcpcd-run-hooks[502]: wlan0: starting wpa_supplicant
Sep 11 21:27:42 raspberrypi systemd[1]: Starting CUPS Scheduler...
Sep 11 21:27:42 raspberrypi systemd[1]: Starting LSB: exim Mail Transport Agent...
Sep 11 21:27:42 raspberrypi systemd[1]: Starting PiTunnel Service...
Sep 11 21:27:42 raspberrypi systemd[1]: Starting /etc/rc.local Compatibility...
Sep 11 21:27:42 raspberrypi systemd[1]: Condition check resulted in fast remote file copy program daemon being skipped.
Sep 11 21:27:42 raspberrypi systemd[1]: Starting OpenBSD Secure Shell server...
Sep 11 21:27:42 raspberrypi systemd[1]: Starting Permit User Sessions...
Sep 11 21:27:42 raspberrypi systemd[1]: Starting xrdp session manager...
Sep 11 21:27:42 raspberrypi systemd[1]: Started Load/Save RF Kill Switch Status.
Sep 11 21:27:42 raspberrypi systemd[1]: Finished Check for glamor.
Sep 11 21:27:42 raspberrypi systemd[1]: Started /etc/rc.local Compatibility.
Sep 11 21:27:42 raspberrypi polkitd[367]: started daemon version 0.105 using authority implementation `local' version `0.105'
Sep 11 21:27:42 raspberrypi systemd[1]: Finished Permit User Sessions.
Sep 11 21:27:42 raspberrypi systemd[1]: Started Authorization Manager.
Sep 11 21:27:42 raspberrypi kernel: [   12.557584] brcmfmac: brcmf_cfg80211_set_power_mgmt: power save enabled
Sep 11 21:27:42 raspberrypi systemd[1]: Starting Modem Manager...
Sep 11 21:27:42 raspberrypi systemd[1]: Starting Light Display Manager...
Sep 11 21:27:42 raspberrypi systemd[1]: Starting Hold until boot process finishes up...
Sep 11 21:27:42 raspberrypi systemd[1]: Started User Login Management.
Sep 11 21:27:43 raspberrypi udisksd[433]: failed to load module mdraid: libbd_mdraid.so.2: cannot open shared object file: No such file or directory
Sep 11 21:27:43 raspberrypi xrdp-sesman[551]: [INFO ] starting xrdp-sesman with pid 551
Sep 11 21:27:43 raspberrypi systemd[1]: Started xrdp session manager.
Sep 11 21:27:43 raspberrypi systemd[1]: Starting xrdp daemon...
Sep 11 21:27:43 raspberrypi avahi-daemon[352]: Server startup complete. Host name is raspberrypi.local. Local service cookie is 1007324628.
Sep 11 21:27:43 raspberrypi raspi-config[374]: Checking if shift key is held down: No. Switching to ondemand scaling governor.
Sep 11 21:27:43 raspberrypi systemd[1]: Started LSB: Switch to ondemand cpu governor (unless shift key is pressed).
Sep 11 21:27:43 raspberrypi lightdm[529]: Error getting user list from org.freedesktop.Accounts: GDBus.Error:org.freedesktop.DBus.Error.ServiceUnknown: The name org.freedesktop.Accounts was not provided by any .service files
Sep 11 21:27:43 raspberrypi dhcpcd[456]: wlan0: connected to Access Point `'
Sep 11 21:27:43 raspberrypi dhcpcd[456]: eth0: waiting for carrier
Sep 11 21:27:43 raspberrypi dhcpcd[456]: wlan0: waiting for carrier
Sep 11 21:27:43 raspberrypi kernel: [   13.233895] 8021q: adding VLAN 0 to HW filter on device eth0
Sep 11 21:27:43 raspberrypi dhcpcd[456]: wlan0: waiting for carrier
Sep 11 21:27:43 raspberrypi udisksd[433]: Failed to load the 'mdraid' libblockdev plugin
Sep 11 21:27:43 raspberrypi xrdp[580]: [INFO ] address [0.0.0.0] port [3389] mode 1
Sep 11 21:27:43 raspberrypi systemd[1]: Condition check resulted in Manage Sound Card State (restore and store) being skipped.
Sep 11 21:27:43 raspberrypi systemd[1]: Starting Save/Restore Sound Card State...
Sep 11 21:27:43 raspberrypi systemd[1]: Received SIGRTMIN+21 from PID 182 (plymouthd).
Sep 11 21:27:43 raspberrypi ModemManager[527]: <info>  ModemManager (version 1.14.12) starting in system bus...
Sep 11 21:27:43 raspberrypi systemd[1]: Started OpenBSD Secure Shell server.
Sep 11 21:27:43 raspberrypi lightdm[712]: error: unexpectedly disconnected from boot status daemon
Sep 11 21:27:43 raspberrypi systemd[1]: Finished Save/Restore Sound Card State.
Sep 11 21:27:43 raspberrypi systemd[1]: plymouth-start.service: Main process exited, code=killed, status=11/SEGV
Sep 11 21:27:43 raspberrypi systemd[1]: plymouth-start.service: Failed with result 'signal'.
Sep 11 21:27:43 raspberrypi systemd[1]: plymouth-start.service: Consumed 1.351s CPU time.
Sep 11 21:27:43 raspberrypi systemd[1]: Finished Hold until boot process finishes up.
Sep 11 21:27:43 raspberrypi systemd[1]: Reached target Sound Card.
Sep 11 21:27:43 raspberrypi systemd[1]: Started Getty on tty1.
Sep 11 21:27:43 raspberrypi systemd[1]: Reached target Login Prompts.
Sep 11 21:27:43 raspberrypi systemd[1]: Started Light Display Manager.
Sep 11 21:27:44 raspberrypi xrdp[580]: [INFO ] listening to port 3389 on 0.0.0.0
Sep 11 21:27:44 raspberrypi xrdp[580]: [INFO ] xrdp_listen_pp done
Sep 11 21:27:44 raspberrypi systemd[1]: xrdp.service: Can't open PID file /run/xrdp/xrdp.pid (yet?) after start: Operation not permitted
Sep 11 21:27:44 raspberrypi systemd[1]: Started Disk Manager.
Sep 11 21:27:44 raspberrypi udisksd[433]: Acquired the name org.freedesktop.UDisks2 on the system message bus
Sep 11 21:27:44 raspberrypi systemd[1]: Started CUPS Scheduler.
Sep 11 21:27:44 raspberrypi systemd[1]: Started Make remote CUPS printers available locally.
Sep 11 21:27:44 raspberrypi exim4[507]: Starting MTA: exim4.
Sep 11 21:27:44 raspberrypi systemd[1]: Started LSB: exim Mail Transport Agent.
Sep 11 21:27:45 raspberrypi apachectl[534]: AH00558: apache2: Could not reliably determine the server's fully qualified domain name, using 127.0.1.1. Set the 'ServerName' directive globally to suppress this message
Sep 11 21:27:45 raspberrypi systemd[1]: Started The Apache HTTP Server.
Sep 11 21:27:45 raspberrypi systemd[1]: Started Modem Manager.
Sep 11 21:27:45 raspberrypi systemd[1]: Started PiTunnel Service.
Sep 11 21:27:45 raspberrypi systemd[1]: Started xrdp daemon.
Sep 11 21:27:45 raspberrypi systemd[1]: Reached target Multi-User System.
Sep 11 21:27:45 raspberrypi systemd[1]: Starting watchdog daemon...
Sep 11 21:27:45 raspberrypi watchdog[905]: starting daemon (5.16):
Sep 11 21:27:45 raspberrypi watchdog[905]:  int=1s realtime=yes sync=no load=24,18,12 soft=no
Sep 11 21:27:45 raspberrypi watchdog[905]:  memory not checked
Sep 11 21:27:45 raspberrypi watchdog[905]:  ping: no machine to check
Sep 11 21:27:45 raspberrypi watchdog[905]:  file: no file to check
Sep 11 21:27:45 raspberrypi watchdog[905]:  pidfile: /var/run/sshd.pid
Sep 11 21:27:45 raspberrypi watchdog[905]:  interface: no interface to check
Sep 11 21:27:45 raspberrypi watchdog[905]:  temperature: no sensors to check
Sep 11 21:27:45 raspberrypi watchdog[905]:  no test binary files
Sep 11 21:27:45 raspberrypi watchdog[905]:  no repair binary files
Sep 11 21:27:45 raspberrypi watchdog[905]:  error retry time-out = 60 seconds
Sep 11 21:27:45 raspberrypi watchdog[905]:  repair attempts = 1
Sep 11 21:27:45 raspberrypi watchdog[905]:  alive=/dev/watchdog heartbeat=[none] to=root no_act=no force=no
Sep 11 21:27:45 raspberrypi watchdog[905]: watchdog now set to 15 seconds
Sep 11 21:27:45 raspberrypi watchdog[905]: hardware watchdog identity: Broadcom BCM2835 Watchdog timer
Sep 11 21:27:45 raspberrypi systemd[1]: Started watchdog daemon.
Sep 11 21:27:45 raspberrypi systemd[1]: Reached target Graphical Interface.
Sep 11 21:27:45 raspberrypi systemd[1]: Starting Update UTMP about System Runlevel Changes...
Sep 11 21:27:45 raspberrypi systemd[1]: systemd-update-utmp-runlevel.service: Succeeded.
Sep 11 21:27:45 raspberrypi systemd[1]: Finished Update UTMP about System Runlevel Changes.
Sep 11 21:27:46 raspberrypi xrdp[812]: [INFO ] starting xrdp with pid 812
Sep 11 21:27:46 raspberrypi xrdp[812]: [INFO ] address [0.0.0.0] port [3389] mode 1
Sep 11 21:27:46 raspberrypi xrdp[812]: [INFO ] listening to port 3389 on 0.0.0.0
Sep 11 21:27:46 raspberrypi xrdp[812]: [INFO ] xrdp_listen_pp done
Sep 11 21:27:47 raspberrypi systemd[1]: systemd-rfkill.service: Succeeded.
Sep 11 21:27:47 raspberrypi ModemManager[527]: <info>  [base-manager] couldn't check support for device '/sys/devices/platform/soc/3f300000.mmcnr/mmc_host/mmc1/mmc1:0001/mmc1:0001:1': not supported by any plugin
Sep 11 21:27:47 raspberrypi ModemManager[527]: <info>  [base-manager] couldn't check support for device '/sys/devices/platform/soc/3f980000.usb/usb1/1-1/1-1.1/1-1.1.1': not supported by any plugin
Sep 11 21:27:48 raspberrypi lightdm[945]: Error getting user list from org.freedesktop.Accounts: GDBus.Error:org.freedesktop.DBus.Error.ServiceUnknown: The name org.freedesktop.Accounts was not provided by any .service files
Sep 11 21:27:48 raspberrypi systemd[1]: Created slice User Slice of UID 1000.
Sep 11 21:27:48 raspberrypi systemd[1]: Starting User Runtime Directory /run/user/1000...
Sep 11 21:27:48 raspberrypi systemd[1]: Finished User Runtime Directory /run/user/1000.
Sep 11 21:27:48 raspberrypi systemd[1]: Starting User Manager for UID 1000...
Sep 11 21:27:48 raspberrypi kernel: [   18.156194] IPv6: ADDRCONF(NETDEV_CHANGE): wlan0: link becomes ready
Sep 11 21:27:48 raspberrypi dhcpcd[456]: wlan0: carrier acquired
Sep 11 21:27:48 raspberrypi dhcpcd[456]: wlan0: connected to Access Point `Vodafone-2AAC'
Sep 11 21:27:48 raspberrypi dhcpcd[456]: DUID 00:01:00:01:2a:be:90:68:b8:27:eb:2e:71:15
Sep 11 21:27:48 raspberrypi dhcpcd[456]: wlan0: IAID eb:cd:7e:39
Sep 11 21:27:48 raspberrypi dhcpcd[456]: wlan0: adding address fe80::105f:76f3:5967:fad6
Sep 11 21:27:48 raspberrypi avahi-daemon[352]: Joining mDNS multicast group on interface wlan0.IPv6 with address fe80::105f:76f3:5967:fad6.
Sep 11 21:27:48 raspberrypi avahi-daemon[352]: New relevant interface wlan0.IPv6 for mDNS.
Sep 11 21:27:48 raspberrypi avahi-daemon[352]: Registering new address record for fe80::105f:76f3:5967:fad6 on wlan0.*.
Sep 11 21:27:48 raspberrypi systemd-udevd[175]: regulatory.0: Process '/lib/crda/crda' failed with exit code 255.
Sep 11 21:27:48 raspberrypi systemd-xdg-autostart-generator[963]: Configuration file /etc/xdg/autostart/pprompt.desktop is marked executable. Please remove executable permission bits. Proceeding anyway.
Sep 11 21:27:48 raspberrypi dhcpcd[456]: wlan0: soliciting an IPv6 router
Sep 11 21:27:48 raspberrypi dhcpcd[456]: wlan0: rebinding lease of 192.168.0.126
Sep 11 21:27:48 raspberrypi dhcpcd[456]: wlan0: probing address 192.168.0.126/24
Sep 11 21:27:48 raspberrypi systemd[950]: Queued start job for default target Main User Target.
Sep 11 21:27:48 raspberrypi systemd[950]: Created slice User Application Slice.
Sep 11 21:27:48 raspberrypi systemd[950]: Reached target Paths.
Sep 11 21:27:48 raspberrypi systemd[950]: Reached target Timers.
Sep 11 21:27:48 raspberrypi systemd[950]: Starting D-Bus User Message Bus Socket.
Sep 11 21:27:49 raspberrypi systemd[950]: Listening on GnuPG network certificate management daemon.
Sep 11 21:27:49 raspberrypi systemd[950]: Listening on GnuPG cryptographic agent and passphrase cache (access for web browsers).
Sep 11 21:27:49 raspberrypi systemd[950]: Listening on GnuPG cryptographic agent and passphrase cache (restricted).
Sep 11 21:27:49 raspberrypi systemd[950]: Listening on GnuPG cryptographic agent (ssh-agent emulation).
Sep 11 21:27:49 raspberrypi systemd[950]: Listening on GnuPG cryptographic agent and passphrase cache.
Sep 11 21:27:49 raspberrypi systemd[950]: Listening on Multimedia System.
Sep 11 21:27:49 raspberrypi systemd[950]: Listening on debconf communication socket.
Sep 11 21:27:49 raspberrypi systemd[950]: Listening on Sound System.
Sep 11 21:27:49 raspberrypi systemd[950]: Listening on D-Bus User Message Bus Socket.
Sep 11 21:27:49 raspberrypi systemd[950]: Reached target Sockets.
Sep 11 21:27:49 raspberrypi systemd[950]: Reached target Basic System.
Sep 11 21:27:49 raspberrypi systemd[1]: Started User Manager for UID 1000.
Sep 11 21:27:49 raspberrypi systemd[950]: Started Multimedia Service.
Sep 11 21:27:49 raspberrypi systemd[950]: Starting Sound Service...
Sep 11 21:27:49 raspberrypi systemd[1]: Started Session 1 of user user.
Sep 11 21:27:49 raspberrypi dbus-daemon[354]: [system] Activating via systemd: service name='org.freedesktop.RealtimeKit1' unit='rtkit-daemon.service' requested by ':1.17' (uid=1000 pid=967 comm="/usr/bin/pipewire ")
Sep 11 21:27:49 raspberrypi systemd[1]: Starting RealtimeKit Scheduling Policy Service...
Sep 11 21:27:49 raspberrypi systemd[950]: Started D-Bus User Message Bus.
Sep 11 21:27:49 raspberrypi systemd[1]: Started Session 3 of user user.
Sep 11 21:27:49 raspberrypi dbus-daemon[354]: [system] Successfully activated service 'org.freedesktop.RealtimeKit1'
Sep 11 21:27:49 raspberrypi rtkit-daemon[984]: Successfully called chroot.
Sep 11 21:27:49 raspberrypi rtkit-daemon[984]: Successfully dropped privileges.
Sep 11 21:27:49 raspberrypi rtkit-daemon[984]: Successfully limited resources.
Sep 11 21:27:49 raspberrypi systemd[1]: Started RealtimeKit Scheduling Policy Service.
Sep 11 21:27:49 raspberrypi rtkit-daemon[984]: Running.
Sep 11 21:27:49 raspberrypi rtkit-daemon[984]: Canary thread running.
Sep 11 21:27:49 raspberrypi rtkit-daemon[984]: Watchdog thread running.
Sep 11 21:27:49 raspberrypi rtkit-daemon[984]: Successfully made thread 967 of process 967 owned by '1000' high priority at nice level -11.
Sep 11 21:27:49 raspberrypi rtkit-daemon[984]: Supervising 1 threads of 1 processes of 1 users.
Sep 11 21:27:49 raspberrypi rtkit-daemon[984]: Successfully made thread 968 of process 968 owned by '1000' high priority at nice level -11.
Sep 11 21:27:49 raspberrypi rtkit-daemon[984]: Supervising 2 threads of 2 processes of 1 users.
Sep 11 21:27:49 raspberrypi rtkit-daemon[984]: Supervising 2 threads of 2 processes of 1 users.
Sep 11 21:27:49 raspberrypi rtkit-daemon[984]: Supervising 2 threads of 2 processes of 1 users.
Sep 11 21:27:49 raspberrypi rtkit-daemon[984]: Successfully made thread 981 of process 967 owned by '1000' RT at priority 20.
Sep 11 21:27:49 raspberrypi rtkit-daemon[984]: Supervising 3 threads of 2 processes of 1 users.
Sep 11 21:27:49 raspberrypi pipewire[967]: Failed to receive portal pid: org.freedesktop.DBus.Error.NameHasNoOwner: Could not get PID of name 'org.freedesktop.portal.Desktop': no such name
Sep 11 21:27:49 raspberrypi rtkit-daemon[984]: Successfully made thread 1004 of process 1004 owned by '1000' high priority at nice level -11.
Sep 11 21:27:49 raspberrypi rtkit-daemon[984]: Supervising 4 threads of 3 processes of 1 users.
Sep 11 21:27:49 raspberrypi rtkit-daemon[984]: Supervising 4 threads of 3 processes of 1 users.
Sep 11 21:27:49 raspberrypi rtkit-daemon[984]: Supervising 4 threads of 3 processes of 1 users.
Sep 11 21:27:49 raspberrypi rtkit-daemon[984]: Successfully made thread 1005 of process 1004 owned by '1000' RT at priority 20.
Sep 11 21:27:49 raspberrypi rtkit-daemon[984]: Supervising 5 threads of 3 processes of 1 users.
Sep 11 21:27:50 raspberrypi kernel: [   20.087436] ICMPv6: process `dhcpcd' is using deprecated sysctl (syscall) net.ipv6.neigh.wlan0.retrans_time - use net.ipv6.neigh.wlan0.retrans_time_ms instead
Sep 11 21:27:50 raspberrypi dhcpcd[456]: wlan0: Router Advertisement from fe80::7254:25ff:fe6e:5e0e
Sep 11 21:27:50 raspberrypi dhcpcd[456]: wlan0: adding address 2a02:908:1026:1f20:e72:7eeb:b8c9:30f0/64
Sep 11 21:27:50 raspberrypi dhcpcd[456]: wlan0: adding route to 2a02:908:1026:1f20::/64
Sep 11 21:27:50 raspberrypi avahi-daemon[352]: Leaving mDNS multicast group on interface wlan0.IPv6 with address fe80::105f:76f3:5967:fad6.
Sep 11 21:27:50 raspberrypi avahi-daemon[352]: Joining mDNS multicast group on interface wlan0.IPv6 with address 2a02:908:1026:1f20:e72:7eeb:b8c9:30f0.
Sep 11 21:27:50 raspberrypi avahi-daemon[352]: Registering new address record for 2a02:908:1026:1f20:e72:7eeb:b8c9:30f0 on wlan0.*.
Sep 11 21:27:50 raspberrypi avahi-daemon[352]: Withdrawing address record for fe80::105f:76f3:5967:fad6 on wlan0.
Sep 11 21:27:50 raspberrypi dhcpcd[456]: wlan0: soliciting a DHCPv6 lease
Sep 11 21:27:50 raspberrypi dhcpcd[456]: wlan0: adding default route via fe80::7254:25ff:fe6e:5e0e
Sep 11 21:27:50 raspberrypi kernel: [   20.461535] hdmi-audio-codec hdmi-audio-codec.0.auto: ASoC: error at snd_soc_dai_startup on i2s-hifi: -19
Sep 11 21:27:50 raspberrypi kernel: [   20.461644]  MAI: soc_pcm_open() failed (-19)
Sep 11 21:27:50 raspberrypi kernel: [   20.462852] hdmi-audio-codec hdmi-audio-codec.0.auto: ASoC: error at snd_soc_dai_startup on i2s-hifi: -19
Sep 11 21:27:50 raspberrypi kernel: [   20.462954]  MAI: soc_pcm_open() failed (-19)
Sep 11 21:27:50 raspberrypi kernel: [   20.463968] hdmi-audio-codec hdmi-audio-codec.0.auto: ASoC: error at snd_soc_dai_startup on i2s-hifi: -19
Sep 11 21:27:50 raspberrypi kernel: [   20.464067]  MAI: soc_pcm_open() failed (-19)
Sep 11 21:27:50 raspberrypi kernel: [   20.478979] hdmi-audio-codec hdmi-audio-codec.0.auto: ASoC: error at snd_soc_dai_startup on i2s-hifi: -19
Sep 11 21:27:50 raspberrypi kernel: [   20.479098]  MAI: soc_pcm_open() failed (-19)
Sep 11 21:27:50 raspberrypi kernel: [   20.479628] hdmi-audio-codec hdmi-audio-codec.0.auto: ASoC: error at snd_soc_dai_startup on i2s-hifi: -19
Sep 11 21:27:50 raspberrypi kernel: [   20.479713]  MAI: soc_pcm_open() failed (-19)
Sep 11 21:27:50 raspberrypi kernel: [   20.481018] hdmi-audio-codec hdmi-audio-codec.0.auto: ASoC: error at snd_soc_dai_startup on i2s-hifi: -19
Sep 11 21:27:50 raspberrypi kernel: [   20.481135]  MAI: soc_pcm_open() failed (-19)
Sep 11 21:27:50 raspberrypi pulseaudio[968]: Failed to find a working profile.
Sep 11 21:27:50 raspberrypi pulseaudio[968]: Failed to load module "module-alsa-card" (argument: "device_id="0" name="platform-3f902000.hdmi" card_name="alsa_card.platform-3f902000.hdmi" namereg_fail=false tsched=no fixed_latency_range=no ignore_dB=no deferred_volume=yes use_ucm=yes avoid_resampling=no card_properties="module-udev-detect.discovered=1""): initialization failed.
Sep 11 21:27:51 raspberrypi dhcpcd[456]: wlan0: REPLY6 received from fe80::7254:25ff:fe6e:5e0e
Sep 11 21:27:51 raspberrypi dhcpcd[456]: wlan0: adding address 2a02:908:1026:1f20::987e/128
Sep 11 21:27:51 raspberrypi dhcpcd[456]: wlan0: renew in 21600, rebind in 34560, expire in 43200 seconds
Sep 11 21:27:51 raspberrypi avahi-daemon[352]: Registering new address record for 2a02:908:1026:1f20::987e on wlan0.*.
Sep 11 21:27:51 raspberrypi kernel: [   20.704986] vc4-drm soc:gpu: [drm] Cannot find any crtc or sizes
Sep 11 21:27:51 raspberrypi dbus-daemon[354]: [system] Activating via systemd: service name='org.bluez' unit='dbus-org.bluez.service' requested by ':1.23' (uid=1000 pid=968 comm="/usr/bin/pulseaudio --daemonize=no --log-target=jo")
Sep 11 21:27:51 raspberrypi systemd[1]: Condition check resulted in Bluetooth service being skipped.
Sep 11 21:27:51 raspberrypi rtkit-daemon[984]: Supervising 5 threads of 3 processes of 1 users.
Sep 11 21:27:51 raspberrypi rtkit-daemon[984]: Successfully made thread 1071 of process 968 owned by '1000' RT at priority 5.
Sep 11 21:27:51 raspberrypi rtkit-daemon[984]: Supervising 6 threads of 3 processes of 1 users.
Sep 11 21:27:51 raspberrypi systemd[950]: Started Sound Service.
Sep 11 21:27:51 raspberrypi systemd[950]: Reached target Main User Target.
Sep 11 21:27:51 raspberrypi systemd[950]: Startup finished in 2.887s.
Sep 11 21:27:52 raspberrypi kernel: [   22.046954] Bluetooth: Core ver 2.22
Sep 11 21:27:52 raspberrypi kernel: [   22.047085] NET: Registered PF_BLUETOOTH protocol family
Sep 11 21:27:52 raspberrypi kernel: [   22.047094] Bluetooth: HCI device and connection manager initialized
Sep 11 21:27:52 raspberrypi kernel: [   22.047119] Bluetooth: HCI socket layer initialized
Sep 11 21:27:52 raspberrypi kernel: [   22.047133] Bluetooth: L2CAP socket layer initialized
Sep 11 21:27:52 raspberrypi kernel: [   22.047156] Bluetooth: SCO socket layer initialized
Sep 11 21:27:52 raspberrypi kernel: [   22.069176] Bluetooth: HCI UART driver ver 2.3
Sep 11 21:27:52 raspberrypi kernel: [   22.069205] Bluetooth: HCI UART protocol H4 registered
Sep 11 21:27:52 raspberrypi kernel: [   22.069317] Bluetooth: HCI UART protocol Three-wire (H5) registered
Sep 11 21:27:52 raspberrypi kernel: [   22.069605] Bluetooth: HCI UART protocol Broadcom registered
Sep 11 21:27:52 raspberrypi btuart[443]: bcm43xx_init
Sep 11 21:27:52 raspberrypi btuart[443]: Flash firmware /lib/firmware/brcm/BCM4345C0.hcd
Sep 11 21:27:52 raspberrypi btuart[443]: Set BDADDR UART: b8:27:eb:32:81:c6
Sep 11 21:27:52 raspberrypi btuart[443]: Set Controller UART speed to 3000000 bit/s
Sep 11 21:27:52 raspberrypi btuart[443]: Device setup complete
Sep 11 21:27:52 raspberrypi systemd[1]: Starting Load/Save RF Kill Switch Status...
Sep 11 21:27:52 raspberrypi systemd[1]: Started Configure Bluetooth Modems connected by UART.
Sep 11 21:27:52 raspberrypi systemd[950]: Reached target Bluetooth.
Sep 11 21:27:52 raspberrypi systemd[1]: Started Load/Save RF Kill Switch Status.
Sep 11 21:27:52 raspberrypi systemd[1]: Created slice system-bthelper.slice.
Sep 11 21:27:52 raspberrypi systemd[1]: Starting Raspberry Pi bluetooth helper...
Sep 11 21:27:52 raspberrypi bthelper[1080]: Raspberry Pi BDADDR already set
Sep 11 21:27:52 raspberrypi systemd[1]: Finished Raspberry Pi bluetooth helper.
Sep 11 21:27:52 raspberrypi systemd[1]: Starting Bluetooth service...
Sep 11 21:27:52 raspberrypi bluetoothd[1090]: Bluetooth daemon 5.55
Sep 11 21:27:52 raspberrypi dbus-daemon[354]: [system] Successfully activated service 'org.bluez'
Sep 11 21:27:52 raspberrypi systemd[1]: Started Bluetooth service.
Sep 11 21:27:52 raspberrypi systemd[1]: Reached target Bluetooth.
Sep 11 21:27:52 raspberrypi systemd[1]: Startup finished in 3.608s (kernel) + 18.968s (userspace) = 22.577s.
Sep 11 21:27:52 raspberrypi bluetoothd[1090]: Starting SDP server
Sep 11 21:27:53 raspberrypi kernel: [   22.679694] Bluetooth: BNEP (Ethernet Emulation) ver 1.3
Sep 11 21:27:53 raspberrypi kernel: [   22.679721] Bluetooth: BNEP filters: protocol multicast
Sep 11 21:27:53 raspberrypi kernel: [   22.679744] Bluetooth: BNEP socket layer initialized
Sep 11 21:27:53 raspberrypi dbus-daemon[354]: [system] Activating via systemd: service name='org.freedesktop.hostname1' unit='dbus-org.freedesktop.hostname1.service' requested by ':1.25' (uid=0 pid=1090 comm="/usr/libexec/bluetooth/bluetoothd ")
Sep 11 21:27:53 raspberrypi bluetoothd[1090]: Bluetooth management interface 1.21 initialized
Sep 11 21:27:53 raspberrypi kernel: [   22.701576] NET: Registered PF_ALG protocol family
Sep 11 21:27:53 raspberrypi systemd[1]: Starting Hostname Service...
Sep 11 21:27:53 raspberrypi bluetoothd[1090]: profiles/sap/server.c:sap_server_register() Sap driver initialization failed.
Sep 11 21:27:53 raspberrypi bluetoothd[1090]: sap-server: Operation not permitted (1)
Sep 11 21:27:53 raspberrypi bluetoothd[1090]: Endpoint registered: sender=:1.23 path=/MediaEndpoint/A2DPSink/sbc
Sep 11 21:27:53 raspberrypi bluetoothd[1090]: Endpoint registered: sender=:1.23 path=/MediaEndpoint/A2DPSource/sbc
Sep 11 21:27:53 raspberrypi pulseaudio[968]: Found duplicated D-Bus path for adapter /org/bluez/hci0
Sep 11 21:27:53 raspberrypi kernel: [   22.872057] Bluetooth: RFCOMM TTY layer initialized
Sep 11 21:27:53 raspberrypi kernel: [   22.872106] Bluetooth: RFCOMM socket layer initialized
Sep 11 21:27:53 raspberrypi kernel: [   22.872151] Bluetooth: RFCOMM ver 1.11
Sep 11 21:27:53 raspberrypi bluetoothd[1090]: Failed to set privacy: Rejected (0x0b)
Sep 11 21:27:53 raspberrypi dbus-daemon[354]: [system] Successfully activated service 'org.freedesktop.hostname1'
Sep 11 21:27:53 raspberrypi systemd[1]: Started Hostname Service.
Sep 11 21:27:53 raspberrypi dhcpcd[456]: wlan0: leased 192.168.0.126 for 604800 seconds
Sep 11 21:27:53 raspberrypi avahi-daemon[352]: Joining mDNS multicast group on interface wlan0.IPv4 with address 192.168.0.126.
Sep 11 21:27:53 raspberrypi avahi-daemon[352]: New relevant interface wlan0.IPv4 for mDNS.
Sep 11 21:27:53 raspberrypi avahi-daemon[352]: Registering new address record for 192.168.0.126 on wlan0.IPv4.
Sep 11 21:27:53 raspberrypi dhcpcd[456]: wlan0: adding route to 192.168.0.0/24
Sep 11 21:27:53 raspberrypi dhcpcd[456]: wlan0: adding default route via 192.168.0.1
Sep 11 21:27:54 raspberrypi avahi-daemon[352]: Got SIGHUP, reloading.
Sep 11 21:27:54 raspberrypi avahi-daemon[352]: No service file found in /etc/avahi/services.
Sep 11 21:27:54 raspberrypi dbus-daemon[985]: [session uid=1000 pid=985] Activating via systemd: service name='org.gtk.vfs.Daemon' unit='gvfs-daemon.service' requested by ':1.7' (uid=1000 pid=969 comm="/usr/bin/lxsession -s LXDE-pi -e LXDE -w openbox-l")
Sep 11 21:27:54 raspberrypi systemd[950]: Starting Virtual filesystem service...
Sep 11 21:27:54 raspberrypi dbus-daemon[985]: [session uid=1000 pid=985] Successfully activated service 'org.gtk.vfs.Daemon'
Sep 11 21:27:54 raspberrypi systemd[950]: Started Virtual filesystem service.
Sep 11 21:27:55 raspberrypi avahi-daemon[352]: Got SIGHUP, reloading.
Sep 11 21:27:55 raspberrypi avahi-daemon[352]: No service file found in /etc/avahi/services.
Sep 11 21:27:57 raspberrypi dbus-daemon[985]: [session uid=1000 pid=985] Activating via systemd: service name='org.gtk.vfs.UDisks2VolumeMonitor' unit='gvfs-udisks2-volume-monitor.service' requested by ':1.11' (uid=1000 pid=1198 comm="pcmanfm --desktop --profile LXDE-pi ")
Sep 11 21:27:57 raspberrypi systemd[950]: Starting Virtual filesystem service - disk device monitor...
Sep 11 21:27:57 raspberrypi dbus-daemon[985]: [session uid=1000 pid=985] Successfully activated service 'org.gtk.vfs.UDisks2VolumeMonitor'
Sep 11 21:27:57 raspberrypi systemd[950]: Started Virtual filesystem service - disk device monitor.
Sep 11 21:27:57 raspberrypi dbus-daemon[985]: [session uid=1000 pid=985] Activating via systemd: service name='org.gtk.vfs.AfcVolumeMonitor' unit='gvfs-afc-volume-monitor.service' requested by ':1.11' (uid=1000 pid=1198 comm="pcmanfm --desktop --profile LXDE-pi ")
Sep 11 21:27:57 raspberrypi systemd[950]: Starting Virtual filesystem service - Apple File Conduit monitor...
Sep 11 21:27:57 raspberrypi dbus-daemon[985]: [session uid=1000 pid=985] Successfully activated service 'org.gtk.vfs.AfcVolumeMonitor'
Sep 11 21:27:57 raspberrypi systemd[950]: Started Virtual filesystem service - Apple File Conduit monitor.
Sep 11 21:27:57 raspberrypi dbus-daemon[985]: [session uid=1000 pid=985] Activating via systemd: service name='org.gtk.vfs.GoaVolumeMonitor' unit='gvfs-goa-volume-monitor.service' requested by ':1.11' (uid=1000 pid=1198 comm="pcmanfm --desktop --profile LXDE-pi ")
Sep 11 21:27:57 raspberrypi systemd[950]: Starting Virtual filesystem service - GNOME Online Accounts monitor...
Sep 11 21:27:57 raspberrypi systemd[1]: systemd-rfkill.service: Succeeded.
Sep 11 21:27:57 raspberrypi dbus-daemon[985]: [session uid=1000 pid=985] Successfully activated service 'org.gtk.vfs.GoaVolumeMonitor'
Sep 11 21:27:57 raspberrypi systemd[950]: Started Virtual filesystem service - GNOME Online Accounts monitor.
Sep 11 21:27:57 raspberrypi dbus-daemon[985]: [session uid=1000 pid=985] Activating via systemd: service name='org.gtk.vfs.MTPVolumeMonitor' unit='gvfs-mtp-volume-monitor.service' requested by ':1.11' (uid=1000 pid=1198 comm="pcmanfm --desktop --profile LXDE-pi ")
Sep 11 21:27:57 raspberrypi systemd[950]: Starting Virtual filesystem service - Media Transfer Protocol monitor...
Sep 11 21:27:57 raspberrypi dbus-daemon[985]: [session uid=1000 pid=985] Successfully activated service 'org.gtk.vfs.MTPVolumeMonitor'
Sep 11 21:27:57 raspberrypi systemd[950]: Started Virtual filesystem service - Media Transfer Protocol monitor.
Sep 11 21:27:57 raspberrypi dbus-daemon[985]: [session uid=1000 pid=985] Activating via systemd: service name='org.gtk.vfs.GPhoto2VolumeMonitor' unit='gvfs-gphoto2-volume-monitor.service' requested by ':1.11' (uid=1000 pid=1198 comm="pcmanfm --desktop --profile LXDE-pi ")
Sep 11 21:27:57 raspberrypi systemd[950]: Starting Virtual filesystem service - digital camera monitor...
Sep 11 21:27:57 raspberrypi bthelper[1430]: Changing power off succeeded
Sep 11 21:27:57 raspberrypi bthelper[1430]: [#001#033[0;93m#002CHG#001#033[0m#002] Controller B8:27:EB:32:81:C6 Powered: no
Sep 11 21:27:57 raspberrypi bthelper[1430]: [#001#033[0;93m#002CHG#001#033[0m#002] Controller B8:27:EB:32:81:C6 Discovering: no
Sep 11 21:27:57 raspberrypi bthelper[1430]: [#001#033[0;93m#002CHG#001#033[0m#002] Controller B8:27:EB:32:81:C6 Class: 0x00000000
Sep 11 21:27:57 raspberrypi dbus-daemon[985]: [session uid=1000 pid=985] Successfully activated service 'org.gtk.vfs.GPhoto2VolumeMonitor'
Sep 11 21:27:57 raspberrypi systemd[950]: Started Virtual filesystem service - digital camera monitor.
Sep 11 21:27:57 raspberrypi bthelper[1088]: [#001#033[0;93m#002CHG#001#033[0m#002] Controller B8:27:EB:32:81:C6 Class: 0x002c0000
Sep 11 21:27:57 raspberrypi bthelper[1088]: Changing power on succeeded
Sep 11 21:27:59 raspberrypi dbus-daemon[354]: [system] Activating via systemd: service name='org.freedesktop.PackageKit' unit='packagekit.service' requested by ':1.35' (uid=1000 pid=1196 comm="lxpanel --profile LXDE-pi ")
Sep 11 21:27:59 raspberrypi systemd[1]: Starting PackageKit Daemon...
Sep 11 21:27:59 raspberrypi PackageKit: daemon start
Sep 11 21:27:59 raspberrypi dbus-daemon[354]: [system] Successfully activated service 'org.freedesktop.PackageKit'
Sep 11 21:27:59 raspberrypi systemd[1]: Started PackageKit Daemon.
Sep 11 21:28:04 raspberrypi kernel: [   33.760769] cam-dummy-reg: disabling
Sep 11 21:28:09 raspberrypi systemd[1]: systemd-fsckd.service: Succeeded.
Sep 11 21:28:25 raspberrypi systemd-timesyncd[288]: Initial synchronization to time server [2a02:2028:ff01:14::14]:123 (2.debian.pool.ntp.org).
Sep 11 21:28:37 raspberrypi systemd[1]: systemd-hostnamed.service: Succeeded.
Sep 11 21:28:48 raspberrypi PackageKit: refresh-cache transaction /494_cbebddbc from uid 1000 finished with success after 35126ms
Sep 11 21:29:07 raspberrypi PackageKit: get-updates transaction /495_debacdba from uid 1000 finished with success after 11598ms
Sep 11 21:35:01 raspberrypi CRON[3981]: (root) CMD (command -v debian-sa1 > /dev/null && debian-sa1 1 1)
Sep 11 21:40:33 raspberrypi systemd[1]: Starting Discard unused blocks on filesystems from /etc/fstab...
Sep 11 21:40:34 raspberrypi fstrim[5540]: /: 3.5 GiB (3808366592 bytes) trimmed on /dev/mmcblk0p2
Sep 11 21:40:34 raspberrypi fstrim[5540]: /boot: 223.2 MiB (234059776 bytes) trimmed on /dev/mmcblk0p1
Sep 11 21:40:34 raspberrypi systemd[1]: fstrim.service: Succeeded.
Sep 11 21:40:34 raspberrypi systemd[1]: Finished Discard unused blocks on filesystems from /etc/fstab.
Sep 11 21:43:33 raspberrypi systemd[1]: Starting Cleanup of Temporary Directories...
Sep 11 21:43:33 raspberrypi systemd[1]: systemd-tmpfiles-clean.service: Succeeded.
Sep 11 21:43:33 raspberrypi systemd[1]: Finished Cleanup of Temporary Directories.
Sep 11 21:45:01 raspberrypi CRON[6782]: (root) CMD (command -v debian-sa1 > /dev/null && debian-sa1 1 1)
Sep 11 21:55:01 raspberrypi CRON[9603]: (root) CMD (command -v debian-sa1 > /dev/null && debian-sa1 1 1)
Sep 11 22:01:33 raspberrypi systemd[1]: Starting Daily apt download activities...
Sep 11 22:01:35 raspberrypi systemd[1]: apt-daily.service: Succeeded.
Sep 11 22:01:35 raspberrypi systemd[1]: Finished Daily apt download activities.
Sep 11 22:01:35 raspberrypi systemd[1]: apt-daily.service: Consumed 2.261s CPU time.
Sep 11 22:05:01 raspberrypi CRON[12562]: (root) CMD (command -v debian-sa1 > /dev/null && debian-sa1 1 1)
Sep 11 22:15:01 raspberrypi CRON[15448]: (root) CMD (command -v debian-sa1 > /dev/null && debian-sa1 1 1)
Sep 11 22:17:01 raspberrypi CRON[16017]: (root) CMD (   cd / && run-parts --report /etc/cron.hourly)
Sep 11 22:17:33 raspberrypi systemd[1]: Starting Daily apt upgrade and clean activities...
Sep 11 22:17:35 raspberrypi systemd[1]: apt-daily-upgrade.service: Succeeded.
Sep 11 22:17:35 raspberrypi systemd[1]: Finished Daily apt upgrade and clean activities.
Sep 11 22:17:35 raspberrypi systemd[1]: apt-daily-upgrade.service: Consumed 2.240s CPU time.
Sep 11 22:18:12 raspberrypi kernel: [ 3028.332711] ieee80211 phy0: brcmf_run_escan: error (-52)
Sep 11 22:18:12 raspberrypi kernel: [ 3028.332759] ieee80211 phy0: brcmf_cfg80211_scan: scan error (-52)
Sep 11 22:25:02 raspberrypi CRON[18356]: (root) CMD (command -v debian-sa1 > /dev/null && debian-sa1 1 1)
Sep 11 22:27:56 raspberrypi rngd[498]: stats: bits received from HRNG source: 80064
Sep 11 22:27:56 raspberrypi rngd[498]: stats: bits sent to kernel pool: 30240
Sep 11 22:27:56 raspberrypi rngd[498]: stats: entropy added to kernel pool: 30240
Sep 11 22:27:56 raspberrypi rngd[498]: stats: FIPS 140-2 successes: 4
Sep 11 22:27:56 raspberrypi rngd[498]: stats: FIPS 140-2 failures: 0
Sep 11 22:27:56 raspberrypi rngd[498]: stats: FIPS 140-2(2001-10-10) Monobit: 0
Sep 11 22:27:56 raspberrypi rngd[498]: stats: FIPS 140-2(2001-10-10) Poker: 0
Sep 11 22:27:56 raspberrypi rngd[498]: stats: FIPS 140-2(2001-10-10) Runs: 0
Sep 11 22:27:56 raspberrypi rngd[498]: stats: FIPS 140-2(2001-10-10) Long run: 0
Sep 11 22:27:56 raspberrypi rngd[498]: stats: FIPS 140-2(2001-10-10) Continuous run: 0
Sep 11 22:27:56 raspberrypi rngd[498]: stats: HRNG source speed: (min=280.283; avg=476.796; max=907.628)Kibits/s
Sep 11 22:27:56 raspberrypi rngd[498]: stats: FIPS tests speed: (min=16.687; avg=21.662; max=25.602)Mibits/s
Sep 11 22:27:56 raspberrypi rngd[498]: stats: Lowest ready-buffers level: 2
Sep 11 22:27:56 raspberrypi rngd[498]: stats: Entropy starvations: 0
Sep 11 22:27:56 raspberrypi rngd[498]: stats: Time spent starving for entropy: (min=0; avg=0.000; max=0)us
Sep 11 22:34:41 raspberrypi systemd[1]: Started Session 11 of user user.
Sep 11 22:35:01 raspberrypi CRON[21372]: (root) CMD (command -v debian-sa1 > /dev/null && debian-sa1 1 1)
Sep 11 22:45:01 raspberrypi CRON[24241]: (root) CMD (command -v debian-sa1 > /dev/null && debian-sa1 1 1)
Sep 11 22:46:52 raspberrypi systemd[1]: Started Session 14 of user user.
Sep 11 22:54:43 raspberrypi systemd[1]: session-14.scope: Succeeded.
Sep 11 22:54:43 raspberrypi systemd[1]: session-14.scope: Consumed 1min 39.828s CPU time.
Sep 11 22:55:01 raspberrypi CRON[27788]: (root) CMD (command -v debian-sa1 > /dev/null && debian-sa1 1 1)
Sep 11 23:05:01 raspberrypi CRON[30667]: (root) CMD (command -v debian-sa1 > /dev/null && debian-sa1 1 1)
Sep 11 23:15:01 raspberrypi CRON[33577]: (root) CMD (command -v debian-sa1 > /dev/null && debian-sa1 1 1)
Sep 11 23:17:01 raspberrypi CRON[34156]: (root) CMD (   cd / && run-parts --report /etc/cron.hourly)
Sep 11 23:25:01 raspberrypi CRON[36436]: (root) CMD (command -v debian-sa1 > /dev/null && debian-sa1 1 1)
Sep 11 23:27:56 raspberrypi rngd[498]: stats: bits received from HRNG source: 100064
Sep 11 23:27:56 raspberrypi rngd[498]: stats: bits sent to kernel pool: 60000
Sep 11 23:27:56 raspberrypi rngd[498]: stats: entropy added to kernel pool: 60000
Sep 11 23:27:56 raspberrypi rngd[498]: stats: FIPS 140-2 successes: 5
Sep 11 23:27:56 raspberrypi rngd[498]: stats: FIPS 140-2 failures: 0
Sep 11 23:27:56 raspberrypi rngd[498]: stats: FIPS 140-2(2001-10-10) Monobit: 0
Sep 11 23:27:56 raspberrypi rngd[498]: stats: FIPS 140-2(2001-10-10) Poker: 0
Sep 11 23:27:56 raspberrypi rngd[498]: stats: FIPS 140-2(2001-10-10) Runs: 0
Sep 11 23:27:56 raspberrypi rngd[498]: stats: FIPS 140-2(2001-10-10) Long run: 0
Sep 11 23:27:56 raspberrypi rngd[498]: stats: FIPS 140-2(2001-10-10) Continuous run: 0
Sep 11 23:27:56 raspberrypi rngd[498]: stats: HRNG source speed: (min=280.283; avg=526.449; max=907.628)Kibits/s
Sep 11 23:27:56 raspberrypi rngd[498]: stats: FIPS tests speed: (min=16.687; avg=22.355; max=25.636)Mibits/s
Sep 11 23:27:56 raspberrypi rngd[498]: stats: Lowest ready-buffers level: 2
Sep 11 23:27:56 raspberrypi rngd[498]: stats: Entropy starvations: 0
Sep 11 23:27:56 raspberrypi rngd[498]: stats: Time spent starving for entropy: (min=0; avg=0.000; max=0)us
Sep 11 23:35:01 raspberrypi CRON[39259]: (root) CMD (command -v debian-sa1 > /dev/null && debian-sa1 1 1)
Sep 11 23:45:01 raspberrypi CRON[42048]: (root) CMD (command -v debian-sa1 > /dev/null && debian-sa1 1 1)
Sep 11 23:55:01 raspberrypi CRON[44865]: (root) CMD (command -v debian-sa1 > /dev/null && debian-sa1 1 1)
Sep 11 23:59:01 raspberrypi CRON[46037]: (root) CMD (command -v debian-sa1 > /dev/null && debian-sa1 60 2)
Sep 12 00:00:33 raspberrypi systemd[1]: Starting exim4-base housekeeping...
Sep 12 00:00:33 raspberrypi systemd[1]: Starting Daily man-db regeneration...
Sep 12 00:00:33 raspberrypi systemd[1]: exim4-base.service: Succeeded.
Sep 12 00:00:33 raspberrypi systemd[1]: Finished exim4-base housekeeping.
Sep 12 00:00:33 raspberrypi systemd[1]: Starting Rotate log files...
Sep 12 00:00:34 raspberrypi systemd[1]: Reloading The Apache HTTP Server.
Sep 12 00:00:34 raspberrypi systemd[1]: Stopping Make remote CUPS printers available locally...
Sep 12 00:00:34 raspberrypi apachectl[46534]: AH00558: apache2: Could not reliably determine the server's fully qualified domain name, using 127.0.1.1. Set the 'ServerName' directive globally to suppress this message
Sep 12 00:00:34 raspberrypi systemd[1]: Reloaded The Apache HTTP Server.
Sep 12 00:00:35 raspberrypi systemd[1]: cups-browsed.service: Succeeded.
Sep 12 00:00:35 raspberrypi systemd[1]: Stopped Make remote CUPS printers available locally.
Sep 12 00:00:35 raspberrypi systemd[1]: Stopping CUPS Scheduler...
Sep 12 00:00:35 raspberrypi systemd[1]: cups.service: Succeeded.
Sep 12 00:00:35 raspberrypi systemd[1]: Stopped CUPS Scheduler.
Sep 12 00:00:35 raspberrypi systemd[1]: cups.path: Succeeded.
Sep 12 00:00:35 raspberrypi systemd[1]: Stopped CUPS Scheduler.
Sep 12 00:00:35 raspberrypi systemd[1]: Stopping CUPS Scheduler.
Sep 12 00:00:35 raspberrypi systemd[1]: Started CUPS Scheduler.
Sep 12 00:00:35 raspberrypi systemd[1]: cups.socket: Succeeded.
Sep 12 00:00:35 raspberrypi systemd[1]: Closed CUPS Scheduler.
Sep 12 00:00:35 raspberrypi systemd[1]: Stopping CUPS Scheduler.
Sep 12 00:00:35 raspberrypi systemd[1]: Listening on CUPS Scheduler.
Sep 12 00:00:35 raspberrypi systemd[1]: Starting CUPS Scheduler...
Sep 12 00:00:36 raspberrypi systemd[1]: Started CUPS Scheduler.
Sep 12 00:00:36 raspberrypi systemd[1]: Started Make remote CUPS printers available locally.
Sep 12 00:00:36 raspberrypi systemd[1]: logrotate.service: Succeeded.
Sep 12 00:00:36 raspberrypi systemd[1]: Finished Rotate log files.
Sep 12 00:00:36 raspberrypi systemd[1]: man-db.service: Succeeded.
Sep 12 00:00:36 raspberrypi systemd[1]: Finished Daily man-db regeneration.
Sep 12 00:05:01 raspberrypi CRON[47857]: (root) CMD (command -v debian-sa1 > /dev/null && debian-sa1 1 1)
Sep 12 00:15:01 raspberrypi CRON[50744]: (root) CMD (command -v debian-sa1 > /dev/null && debian-sa1 1 1)
Sep 12 00:17:01 raspberrypi CRON[51313]: (root) CMD (   cd / && run-parts --report /etc/cron.hourly)
Sep 12 00:25:01 raspberrypi CRON[53658]: (root) CMD (command -v debian-sa1 > /dev/null && debian-sa1 1 1)
Sep 12 00:27:56 raspberrypi rngd[498]: stats: bits received from HRNG source: 140064
Sep 12 00:27:56 raspberrypi rngd[498]: stats: bits sent to kernel pool: 90240
Sep 12 00:27:56 raspberrypi rngd[498]: stats: entropy added to kernel pool: 90240
Sep 12 00:27:56 raspberrypi rngd[498]: stats: FIPS 140-2 successes: 7
Sep 12 00:27:56 raspberrypi rngd[498]: stats: FIPS 140-2 failures: 0
Sep 12 00:27:56 raspberrypi rngd[498]: stats: FIPS 140-2(2001-10-10) Monobit: 0
Sep 12 00:27:56 raspberrypi rngd[498]: stats: FIPS 140-2(2001-10-10) Poker: 0
Sep 12 00:27:56 raspberrypi rngd[498]: stats: FIPS 140-2(2001-10-10) Runs: 0
Sep 12 00:27:56 raspberrypi rngd[498]: stats: FIPS 140-2(2001-10-10) Long run: 0
Sep 12 00:27:56 raspberrypi rngd[498]: stats: FIPS 140-2(2001-10-10) Continuous run: 0
Sep 12 00:27:56 raspberrypi rngd[498]: stats: HRNG source speed: (min=280.283; avg=604.894; max=1026.448)Kibits/s
Sep 12 00:27:56 raspberrypi rngd[498]: stats: FIPS tests speed: (min=16.687; avg=25.960; max=59.791)Mibits/s
Sep 12 00:27:56 raspberrypi rngd[498]: stats: Lowest ready-buffers level: 2
Sep 12 00:27:56 raspberrypi rngd[498]: stats: Entropy starvations: 0
Sep 12 00:27:56 raspberrypi rngd[498]: stats: Time spent starving for entropy: (min=0; avg=0.000; max=0)us
Sep 12 00:35:01 raspberrypi CRON[56526]: (root) CMD (command -v debian-sa1 > /dev/null && debian-sa1 1 1)
Sep 12 00:45:01 raspberrypi CRON[59348]: (root) CMD (command -v debian-sa1 > /dev/null && debian-sa1 1 1)
Sep 12 00:55:01 raspberrypi CRON[62210]: (root) CMD (command -v debian-sa1 > /dev/null && debian-sa1 1 1)
Sep 12 01:05:02 raspberrypi CRON[65112]: (root) CMD (command -v debian-sa1 > /dev/null && debian-sa1 1 1)
Sep 12 01:15:01 raspberrypi CRON[67961]: (root) CMD (command -v debian-sa1 > /dev/null && debian-sa1 1 1)
Sep 12 01:17:01 raspberrypi CRON[68534]: (root) CMD (   cd / && run-parts --report /etc/cron.hourly)
Sep 12 01:25:01 raspberrypi CRON[70794]: (root) CMD (command -v debian-sa1 > /dev/null && debian-sa1 1 1)
Sep 12 01:27:56 raspberrypi rngd[498]: stats: bits received from HRNG source: 160064
Sep 12 01:27:56 raspberrypi rngd[498]: stats: bits sent to kernel pool: 120000
Sep 12 01:27:56 raspberrypi rngd[498]: stats: entropy added to kernel pool: 120000
Sep 12 01:27:56 raspberrypi rngd[498]: stats: FIPS 140-2 successes: 8
Sep 12 01:27:56 raspberrypi rngd[498]: stats: FIPS 140-2 failures: 0
Sep 12 01:27:56 raspberrypi rngd[498]: stats: FIPS 140-2(2001-10-10) Monobit: 0
Sep 12 01:27:56 raspberrypi rngd[498]: stats: FIPS 140-2(2001-10-10) Poker: 0
Sep 12 01:27:56 raspberrypi rngd[498]: stats: FIPS 140-2(2001-10-10) Runs: 0
Sep 12 01:27:56 raspberrypi rngd[498]: stats: FIPS 140-2(2001-10-10) Long run: 0
Sep 12 01:27:56 raspberrypi rngd[498]: stats: FIPS 140-2(2001-10-10) Continuous run: 0
Sep 12 01:27:56 raspberrypi rngd[498]: stats: HRNG source speed: (min=280.283; avg=631.175; max=1026.448)Kibits/s
Sep 12 01:27:56 raspberrypi rngd[498]: stats: FIPS tests speed: (min=16.687; avg=25.915; max=59.791)Mibits/s
Sep 12 01:27:56 raspberrypi rngd[498]: stats: Lowest ready-buffers level: 2
Sep 12 01:27:56 raspberrypi rngd[498]: stats: Entropy starvations: 0
Sep 12 01:27:56 raspberrypi rngd[498]: stats: Time spent starving for entropy: (min=0; avg=0.000; max=0)us
Sep 12 01:35:01 raspberrypi CRON[73701]: (root) CMD (command -v debian-sa1 > /dev/null && debian-sa1 1 1)
Sep 12 01:41:48 raspberrypi dhcpcd[456]: wlan0: Router Advertisement from fe80::7254:25ff:fe6e:5e0e
Sep 12 01:41:48 raspberrypi dhcpcd[456]: wlan0: deleting address 2a02:908:1026:1f20:e72:7eeb:b8c9:30f0/64
Sep 12 01:41:48 raspberrypi dhcpcd[456]: wlan0: deleting route to 2a02:908:1026:1f20::/64
Sep 12 01:41:48 raspberrypi avahi-daemon[352]: Withdrawing address record for 2a02:908:1026:1f20:e72:7eeb:b8c9:30f0 on wlan0.
Sep 12 01:41:48 raspberrypi avahi-daemon[352]: Leaving mDNS multicast group on interface wlan0.IPv6 with address 2a02:908:1026:1f20:e72:7eeb:b8c9:30f0.
Sep 12 01:41:48 raspberrypi avahi-daemon[352]: Joining mDNS multicast group on interface wlan0.IPv6 with address 2a02:908:1026:1f20::987e.
Sep 12 01:41:49 raspberrypi dhcpcd[456]: wlan0: Router Advertisement from fe80::7254:25ff:fe6e:5e0e
Sep 12 01:41:49 raspberrypi dhcpcd[456]: wlan0: adding address 2a02:908:1026:1f20:e72:7eeb:b8c9:30f0/64
Sep 12 01:41:49 raspberrypi avahi-daemon[352]: Registering new address record for 2a02:908:1026:1f20:e72:7eeb:b8c9:30f0 on wlan0.*.
Sep 12 01:41:49 raspberrypi dhcpcd[456]: wlan0: adding route to 2a02:908:1026:1f20::/64
Sep 12 01:45:01 raspberrypi CRON[76556]: (root) CMD (command -v debian-sa1 > /dev/null && debian-sa1 1 1)
Sep 12 01:55:01 raspberrypi CRON[79409]: (root) CMD (command -v debian-sa1 > /dev/null && debian-sa1 1 1)
Sep 12 02:05:01 raspberrypi CRON[82363]: (root) CMD (command -v debian-sa1 > /dev/null && debian-sa1 1 1)
Sep 12 02:15:01 raspberrypi CRON[85194]: (root) CMD (command -v debian-sa1 > /dev/null && debian-sa1 1 1)
Sep 12 02:17:01 raspberrypi CRON[85768]: (root) CMD (   cd / && run-parts --report /etc/cron.hourly)
Sep 12 02:25:01 raspberrypi CRON[88081]: (root) CMD (command -v debian-sa1 > /dev/null && debian-sa1 1 1)
Sep 12 02:27:56 raspberrypi rngd[498]: stats: bits received from HRNG source: 200064
Sep 12 02:27:56 raspberrypi rngd[498]: stats: bits sent to kernel pool: 150240
Sep 12 02:27:56 raspberrypi rngd[498]: stats: entropy added to kernel pool: 150240
Sep 12 02:27:56 raspberrypi rngd[498]: stats: FIPS 140-2 successes: 10
Sep 12 02:27:56 raspberrypi rngd[498]: stats: FIPS 140-2 failures: 0
Sep 12 02:27:56 raspberrypi rngd[498]: stats: FIPS 140-2(2001-10-10) Monobit: 0
Sep 12 02:27:56 raspberrypi rngd[498]: stats: FIPS 140-2(2001-10-10) Poker: 0
Sep 12 02:27:56 raspberrypi rngd[498]: stats: FIPS 140-2(2001-10-10) Runs: 0
Sep 12 02:27:56 raspberrypi rngd[498]: stats: FIPS 140-2(2001-10-10) Long run: 0
Sep 12 02:27:56 raspberrypi rngd[498]: stats: FIPS 140-2(2001-10-10) Continuous run: 0
Sep 12 02:27:56 raspberrypi rngd[498]: stats: HRNG source speed: (min=280.283; avg=671.851; max=1026.448)Kibits/s
Sep 12 02:27:56 raspberrypi rngd[498]: stats: FIPS tests speed: (min=16.687; avg=25.855; max=59.791)Mibits/s
Sep 12 02:27:56 raspberrypi rngd[498]: stats: Lowest ready-buffers level: 2
Sep 12 02:27:56 raspberrypi rngd[498]: stats: Entropy starvations: 0
Sep 12 02:27:56 raspberrypi rngd[498]: stats: Time spent starving for entropy: (min=0; avg=0.000; max=0)us
Sep 12 02:35:01 raspberrypi CRON[90945]: (root) CMD (command -v debian-sa1 > /dev/null && debian-sa1 1 1)
Sep 12 02:44:12 raspberrypi kernel: [18988.554796] ieee80211 phy0: brcmf_run_escan: error (-52)
Sep 12 02:44:12 raspberrypi kernel: [18988.554844] ieee80211 phy0: brcmf_cfg80211_scan: scan error (-52)
Sep 12 02:45:01 raspberrypi CRON[93783]: (root) CMD (command -v debian-sa1 > /dev/null && debian-sa1 1 1)
Sep 12 02:55:01 raspberrypi CRON[96662]: (root) CMD (command -v debian-sa1 > /dev/null && debian-sa1 1 1)
Sep 12 03:05:01 raspberrypi CRON[99528]: (root) CMD (command -v debian-sa1 > /dev/null && debian-sa1 1 1)
Sep 12 03:10:01 raspberrypi CRON[100953]: (root) CMD (test -e /run/systemd/system || SERVICE_MODE=1 /sbin/e2scrub_all -A -r)
Sep 12 03:15:01 raspberrypi CRON[102391]: (root) CMD (command -v debian-sa1 > /dev/null && debian-sa1 1 1)
Sep 12 03:17:01 raspberrypi CRON[102976]: (root) CMD (   cd / && run-parts --report /etc/cron.hourly)
Sep 12 03:25:01 raspberrypi CRON[105286]: (root) CMD (command -v debian-sa1 > /dev/null && debian-sa1 1 1)
Sep 12 03:27:56 raspberrypi rngd[498]: stats: bits received from HRNG source: 220064
Sep 12 03:27:56 raspberrypi rngd[498]: stats: bits sent to kernel pool: 180000
Sep 12 03:27:56 raspberrypi rngd[498]: stats: entropy added to kernel pool: 180000
Sep 12 03:27:56 raspberrypi rngd[498]: stats: FIPS 140-2 successes: 11
Sep 12 03:27:56 raspberrypi rngd[498]: stats: FIPS 140-2 failures: 0
Sep 12 03:27:56 raspberrypi rngd[498]: stats: FIPS 140-2(2001-10-10) Monobit: 0
Sep 12 03:27:56 raspberrypi rngd[498]: stats: FIPS 140-2(2001-10-10) Poker: 0
Sep 12 03:27:56 raspberrypi rngd[498]: stats: FIPS 140-2(2001-10-10) Runs: 0
Sep 12 03:27:56 raspberrypi rngd[498]: stats: FIPS 140-2(2001-10-10) Long run: 0
Sep 12 03:27:56 raspberrypi rngd[498]: stats: FIPS 140-2(2001-10-10) Continuous run: 0
Sep 12 03:27:56 raspberrypi rngd[498]: stats: HRNG source speed: (min=280.283; avg=687.965; max=1026.448)Kibits/s
Sep 12 03:27:56 raspberrypi rngd[498]: stats: FIPS tests speed: (min=16.687; avg=25.842; max=59.791)Mibits/s
Sep 12 03:27:56 raspberrypi rngd[498]: stats: Lowest ready-buffers level: 2
Sep 12 03:27:56 raspberrypi rngd[498]: stats: Entropy starvations: 0
Sep 12 03:27:56 raspberrypi rngd[498]: stats: Time spent starving for entropy: (min=0; avg=0.000; max=0)us
Sep 12 03:35:01 raspberrypi CRON[108151]: (root) CMD (command -v debian-sa1 > /dev/null && debian-sa1 1 1)
Sep 12 03:45:02 raspberrypi CRON[111013]: (root) CMD (command -v debian-sa1 > /dev/null && debian-sa1 1 1)
Sep 12 03:55:01 raspberrypi CRON[113882]: (root) CMD (command -v debian-sa1 > /dev/null && debian-sa1 1 1)
Sep 12 04:05:01 raspberrypi CRON[116746]: (root) CMD (command -v debian-sa1 > /dev/null && debian-sa1 1 1)
Sep 12 04:15:01 raspberrypi CRON[119584]: (root) CMD (command -v debian-sa1 > /dev/null && debian-sa1 1 1)
Sep 12 04:17:01 raspberrypi CRON[120171]: (root) CMD (   cd / && run-parts --report /etc/cron.hourly)
Sep 12 04:25:01 raspberrypi CRON[122460]: (root) CMD (command -v debian-sa1 > /dev/null && debian-sa1 1 1)
Sep 12 04:27:56 raspberrypi rngd[498]: stats: bits received from HRNG source: 260064
Sep 12 04:27:56 raspberrypi rngd[498]: stats: bits sent to kernel pool: 210240
Sep 12 04:27:56 raspberrypi rngd[498]: stats: entropy added to kernel pool: 210240
Sep 12 04:27:56 raspberrypi rngd[498]: stats: FIPS 140-2 successes: 13
Sep 12 04:27:56 raspberrypi rngd[498]: stats: FIPS 140-2 failures: 0
Sep 12 04:27:56 raspberrypi rngd[498]: stats: FIPS 140-2(2001-10-10) Monobit: 0
Sep 12 04:27:56 raspberrypi rngd[498]: stats: FIPS 140-2(2001-10-10) Poker: 0
Sep 12 04:27:56 raspberrypi rngd[498]: stats: FIPS 140-2(2001-10-10) Runs: 0
Sep 12 04:27:56 raspberrypi rngd[498]: stats: FIPS 140-2(2001-10-10) Long run: 0
Sep 12 04:27:56 raspberrypi rngd[498]: stats: FIPS 140-2(2001-10-10) Continuous run: 0
Sep 12 04:27:56 raspberrypi rngd[498]: stats: HRNG source speed: (min=280.283; avg=714.440; max=1026.448)Kibits/s
Sep 12 04:27:56 raspberrypi rngd[498]: stats: FIPS tests speed: (min=16.687; avg=26.079; max=59.791)Mibits/s
Sep 12 04:27:56 raspberrypi rngd[498]: stats: Lowest ready-buffers level: 2
Sep 12 04:27:56 raspberrypi rngd[498]: stats: Entropy starvations: 0
Sep 12 04:27:56 raspberrypi rngd[498]: stats: Time spent starving for entropy: (min=0; avg=0.000; max=0)us
